03-17 16:13:47.603  2227  2227 D PhoneStatusBar: disable: 
03-17 16:13:47.631  1702  2555 I NotificationManager: cancelNotificationWithTag pid 28601,uid = 10111,tag = null,pkg =com.tencent.mobileqq,id =123
03-17 16:13:47.631  1702  1702 I NotificationManager: cancelNotification,index:-1
03-17 16:13:47.632  1702  1702 I NotificationManager: cancelNotification,index:-1
03-17 16:13:47.638  1702  2618 W ActivityManager: getRunningAppProcesses: caller 10111 does not hold REAL_GET_TASKS; limiting output
03-17 16:13:47.640  1702  3697 D PowerManagerService: release:lock=189667585, flg=0x0, tag="*launch*", name=android", ws=WorkSource{10111}, uid=1000, pid=1702
03-17 16:13:47.641  1702  3697 D PowerManagerService: ready=true,policy=3,wakefulness=1,wksummary=0x1,uasummary=0x1,bootcompleted=true,boostinprogress=false,waitmodeenable=false,mode=false,manual=38,auto=-1,adj=0.0userId=0
03-17 16:13:47.650  1702 17630 I NotificationManager: cancelNotificationWithTag pid 28601,uid = 10111,tag = null,pkg =com.tencent.mobileqq,id =129
03-17 16:13:47.651  1702  1702 I NotificationManager: cancelNotification,index:-1
03-17 16:13:47.681  1702  3694 I NotificationManager: cancelNotificationWithTag pid 28601,uid = 10111,tag = null,pkg =com.tencent.mobileqq,id =135
03-17 16:13:47.691  1702  1737 I NotificationManager: cancelNotificationWithTag pid 28601,uid = 10111,tag = null,pkg =com.tencent.mobileqq,id =140
03-17 16:13:47.694  1702 17632 I NotificationManager: cancelNotificationWithTag pid 28601,uid = 10111,tag = null,pkg =com.tencent.mobileqq,id =144
03-17 16:13:47.695  1702  1702 I NotificationManager: cancelNotification,index:-1
03-17 16:13:47.700  1702  1702 I NotificationManager: cancelNotification,index:-1
03-17 16:13:47.700  1702  1702 I NotificationManager: cancelNotification,index:-1
03-17 16:13:47.707  1702 27357 I NotificationManager: cancelNotificationWithTag pid 28601,uid = 10111,tag = null,pkg =com.tencent.mobileqq,id =193
03-17 16:13:47.707  1702  1702 I NotificationManager: cancelNotification,index:-1
03-17 16:13:47.709  1702  2113 D PowerManagerService: ready=true,policy=3,wakefulness=1,wksummary=0x0,uasummary=0x1,bootcompleted=true,boostinprogress=false,waitmodeenable=false,mode=false,manual=38,auto=-1,adj=0.0userId=0
03-17 16:13:47.709  1702  2113 D PowerManagerService: Releasing suspend blocker "PowerManagerService.WakeLocks".
03-17 16:13:47.713  2227  2227 I StackScrollAlgorithm: updateClipping isOverlap:false, getTopPadding=333.0, Translation=0.0
03-17 16:13:47.713  2227  2227 I StackScrollAlgorithm: updateDimmedActivatedHideSensitive overlap:false
03-17 16:13:47.735  2227  2227 V PhoneStatusBar: setLightsOn(true)
03-17 16:13:47.736  2227  2227 I PhoneStatusBar: setSystemUiVisibility vis=0 mask=1 oldVal=40000500 newVal=40000500 diff=0 fullscreenStackVis=0 dockedStackVis=0, fullscreenStackBounds=Rect(0, 0 - 0, 0), dockedStackBounds=Rect(0, 0 - 0, 0)
03-17 16:13:47.743  2227  2794 W KeyguardUpdateMonitor: registerCallback not in UI.
03-17 16:13:47.743  2227  2794 W KeyguardUpdateMonitor: android.util.AndroidRuntimeException: Must execute in UI
03-17 16:13:47.743  2227  2794 V KeyguardUpdateMonitor: *** unregister callback for com.android.systemui.statusbar.policy.KeyguardMonitor@712d093
03-17 16:13:47.810  2227  2227 V PhoneStatusBar: setLightsOn(true)
03-17 16:13:47.811  2227  2227 I PhoneStatusBar: setSystemUiVisibility vis=0 mask=1 oldVal=40000500 newVal=40000500 diff=0 fullscreenStackVis=0 dockedStackVis=0, fullscreenStackBounds=Rect(0, 0 - 0, 0), dockedStackBounds=Rect(0, 0 - 0, 0)
03-17 16:13:47.931  2227  2227 V PhoneStatusBar: setLightsOn(true)
03-17 16:13:47.931  2227  2227 I PhoneStatusBar: setSystemUiVisibility vis=0 mask=1 oldVal=40000500 newVal=40000500 diff=0 fullscreenStackVis=0 dockedStackVis=0, fullscreenStackBounds=Rect(0, 0 - 0, 0), dockedStackBounds=Rect(0, 0 - 0, 0)
03-17 16:13:47.943  2227  2227 V PhoneStatusBar: setLightsOn(true)
03-17 16:13:47.945  2227  2227 I PhoneStatusBar: setSystemUiVisibility vis=0 mask=1 oldVal=40000500 newVal=40000500 diff=0 fullscreenStackVis=0 dockedStackVis=0, fullscreenStackBounds=Rect(0, 0 - 0, 0), dockedStackBounds=Rect(0, 0 - 0, 0)
03-17 16:13:48.009  1702 10454 W ActivityManager: getTasks: caller 10113 does not hold REAL_GET_TASKS; limiting output
03-17 16:13:48.019  2227  2227 V PhoneStatusBar: setLightsOn(true)
03-17 16:13:48.020  2227  2227 I PhoneStatusBar: setSystemUiVisibility vis=0 mask=1 oldVal=40000500 newVal=40000500 diff=0 fullscreenStackVis=0 dockedStackVis=0, fullscreenStackBounds=Rect(0, 0 - 0, 0), dockedStackBounds=Rect(0, 0 - 0, 0)
03-17 16:13:48.032  1702  2639 I WindowManager: Destroying surface Surface(name=com.tencent.qt.qtl/com.tencent.qt.qtl.activity.main.MainTabActivity) called by com.android.server.wm.WindowStateAnimator.destroySurface:2060 com.android.server.wm.WindowStateAnimator.destroySurfaceLocked:913 com.android.server.wm.WindowState.destroyOrSaveSurface:2201 com.android.server.wm.AppWindowToken.destroySurfaces:374 com.android.server.wm.AppWindowToken.notifyAppStopped:400 com.android.server.wm.WindowManagerService.notifyAppStopped:4869 com.android.server.am.ActivityStack.activityStoppedLocked:1393 com.android.server.am.ActivityManagerService.activityStopped:7690 
03-17 16:13:48.552  1702  1820 I DisplayPowerController: HBM brightnessIn =38
03-17 16:13:48.553  1702  1820 I DisplayPowerController: HBM brightnessOut =38
03-17 16:13:48.553  1702  1820 D DisplayPowerController: Animating brightness: target=38, rate=200
03-17 16:13:49.927  1702  2618 W ActivityManager: getTasks: caller 10111 does not hold REAL_GET_TASKS; limiting output
03-17 16:13:50.107 23650 23685 V AudioManager: isMusicActive...
03-17 16:13:50.662 23650 23689 V AudioManager: isMusicActive...
03-17 16:13:50.766  1702  3693 I ActivityManager: Start dump, calling from : pid=12782, uid=1000
03-17 16:13:51.865  1702  1820 I DisplayPowerController: HBM brightnessIn =38
03-17 16:13:51.866  1702  1820 I DisplayPowerController: HBM brightnessOut =38
03-17 16:13:51.866  1702  1820 D DisplayPowerController: Animating brightness: target=38, rate=200
03-17 16:13:54.046  1702 17633 W ActivityManager: getRunningAppProcesses: caller 10113 does not hold REAL_GET_TASKS; limiting output
03-17 16:13:54.640  1702  8289 W ActivityManager: getRunningAppProcesses: caller 10113 does not hold REAL_GET_TASKS; limiting output
03-17 16:13:54.676  1702  2107 W ActivityManager: getRunningAppProcesses: caller 10113 does not hold REAL_GET_TASKS; limiting output
03-17 16:13:54.735  1702  2106 D PowerManagerService: acquire lock=237091223, flags=0x1, tag="WiredAccessoryManager", name=android, ws=null, uid=1000, pid=1702
03-17 16:13:54.736  1702  2106 D PowerManagerService: ready=true,policy=3,wakefulness=1,wksummary=0x1,uasummary=0x1,bootcompleted=true,boostinprogress=false,waitmodeenable=false,mode=false,manual=38,auto=-1,adj=0.0userId=0
03-17 16:13:54.736  1702  2106 D PowerManagerService: Acquiring suspend blocker "PowerManagerService.WakeLocks".
03-17 16:13:54.744  1702  1702 V AudioManager: setWiredDeviceConnectionState  type: -2147483632  state: 0
03-17 16:13:54.745  1702  1702 D PowerManagerService: acquire lock=86152250, flags=0x1, tag="handleAudioEvent", name=android, ws=null, uid=1000, pid=1702
03-17 16:13:54.745  1702  1702 D PowerManagerService: ready=true,policy=3,wakefulness=1,wksummary=0x1,uasummary=0x1,bootcompleted=true,boostinprogress=false,waitmodeenable=false,mode=false,manual=38,auto=-1,adj=0.0userId=0
03-17 16:13:54.746  1702  1702 V AudioManager: setWiredDeviceConnectionState  type: 4  state: 0
03-17 16:13:54.746  1702  1702 D PowerManagerService: release:lock=237091223, flg=0x0, tag="WiredAccessoryManager", name=android", ws=null, uid=1000, pid=1702
03-17 16:13:54.747  1702  1702 D PowerManagerService: ready=true,policy=3,wakefulness=1,wksummary=0x1,uasummary=0x1,bootcompleted=true,boostinprogress=false,waitmodeenable=false,mode=false,manual=38,auto=-1,adj=0.0userId=0
03-17 16:13:54.754 23650 23689 V AudioManager: isMusicActive...
03-17 16:13:54.877  1702 27357 D ActivityManager: ActivityManagerService,attachApplication,callingPid = 12787
03-17 16:13:55.046  1702  2395 W ActivityManager: getRunningAppProcesses: caller 10111 does not hold REAL_GET_TASKS; limiting output
03-17 16:13:55.172  1702  1820 I DisplayPowerController: HBM brightnessIn =38
03-17 16:13:55.173  1702  1820 I DisplayPowerController: HBM brightnessOut =38
03-17 16:13:55.173  1702  1820 D DisplayPowerController: Animating brightness: target=38, rate=200
03-17 16:13:55.783  1702  2113 D PowerManagerService: acquire lock=219829192, flags=0x1, tag="AudioMix", name=audioserver, ws=null, uid=1041, pid=0
03-17 16:13:55.784  1702  2113 D PowerManagerService: ready=true,policy=3,wakefulness=1,wksummary=0x1,uasummary=0x1,bootcompleted=true,boostinprogress=false,waitmodeenable=false,mode=false,manual=38,auto=-1,adj=0.0userId=0
03-17 16:13:55.791  1702  2153 D PowerManagerService: release:lock=86152250, flg=0x0, tag="handleAudioEvent", name=android", ws=null, uid=1000, pid=1702
03-17 16:13:55.793  1702  2153 D PowerManagerService: ready=true,policy=3,wakefulness=1,wksummary=0x1,uasummary=0x1,bootcompleted=true,boostinprogress=false,waitmodeenable=false,mode=false,manual=38,auto=-1,adj=0.0userId=0
03-17 16:13:55.800 28601 28601 V AudioManager: isBluetoothA2dpOn...
03-17 16:13:55.804 23650 23689 V AudioManager: isMusicActive...
03-17 16:13:55.813 28601 28601 V AudioManager: isBluetoothScoOn...
03-17 16:13:55.821  2227  2514 V AudioManager: getLastAudibleStreamVolume  treamType: 0
03-17 16:13:55.827  1702 17632 D PowerManagerService: ready=true,policy=3,wakefulness=1,wksummary=0x1,uasummary=0x1,bootcompleted=true,boostinprogress=false,waitmodeenable=false,mode=false,manual=38,auto=-1,adj=0.0userId=0
03-17 16:13:55.832  1702  1702 D PowerManagerService: ready=true,policy=3,wakefulness=1,wksummary=0x1,uasummary=0x1,bootcompleted=true,boostinprogress=false,waitmodeenable=false,mode=false,manual=38,auto=-1,adj=0.0userId=0
03-17 16:13:55.834  1702  1702 I NotificationManager: cancelNotification,index:-1
03-17 16:13:55.836  1702 10454 W ActivityManager: getRunningAppProcesses: caller 10091 does not hold REAL_GET_TASKS; limiting output
03-17 16:13:55.838  1702  3137 W ActivityManager: getRunningAppProcesses: caller 10091 does not hold REAL_GET_TASKS; limiting output
03-17 16:13:55.839  1702  2639 D PowerManagerService: ready=true,policy=3,wakefulness=1,wksummary=0x1,uasummary=0x1,bootcompleted=true,boostinprogress=false,waitmodeenable=false,mode=false,manual=38,auto=-1,adj=0.0userId=0
03-17 16:13:55.867  1702  3693 W ActivityManager: getRunningAppProcesses: caller 10091 does not hold REAL_GET_TASKS; limiting output
03-17 16:13:55.869  1702 14640 W ActivityManager: getRunningAppProcesses: caller 10091 does not hold REAL_GET_TASKS; limiting output