03-17 16:14:08.313  1702  1736 D PowerManagerService: Releasing suspend blocker "PowerManagerService.WakeLocks".
03-17 16:14:08.324  2626 23469 W PhoneInterfaceManager: shouldBlockLocation running ...
03-17 16:14:08.324  2626 23469 I PhoneInterfaceManager: shouldBlockLocation  ret:false
03-17 16:14:09.505  1702  2105 D PowerManagerService: userActivityNoUpdateLocked: eventTime=261874138, event=2, flags=0x0, uid=1000
03-17 16:14:09.506  1702  2105 D PowerManagerService: ready=true,policy=3,wakefulness=1,wksummary=0x0,uasummary=0x1,bootcompleted=true,boostinprogress=false,waitmodeenable=false,mode=false,manual=38,auto=-1,adj=0.0userId=0
03-17 16:14:09.564  2227  2227 V PhoneStatusBar: setLightsOn(true)
03-17 16:14:09.564  2227  2227 I PhoneStatusBar: setSystemUiVisibility vis=0 mask=1 oldVal=40000500 newVal=40000500 diff=0 fullscreenStackVis=0 dockedStackVis=0, fullscreenStackBounds=Rect(0, 0 - 0, 0), dockedStackBounds=Rect(0, 0 - 0, 0)
03-17 16:14:09.582  2227  2227 V PhoneStatusBar: setLightsOn(true)
03-17 16:14:09.583  2227  2227 I PhoneStatusBar: setSystemUiVisibility vis=0 mask=1 oldVal=40000500 newVal=40000500 diff=0 fullscreenStackVis=0 dockedStackVis=0, fullscreenStackBounds=Rect(0, 0 - 0, 0), dockedStackBounds=Rect(0, 0 - 0, 0)
03-17 16:14:09.818  2227  2227 V PhoneStatusBar: setLightsOn(true)
03-17 16:14:09.818  2227  2227 I PhoneStatusBar: setSystemUiVisibility vis=0 mask=1 oldVal=40000500 newVal=40000500 diff=0 fullscreenStackVis=0 dockedStackVis=0, fullscreenStackBounds=Rect(0, 0 - 0, 0), dockedStackBounds=Rect(0, 0 - 0, 0)
03-17 16:14:09.920  1702  1820 I DisplayPowerController: HBM brightnessIn =38
03-17 16:14:09.920  1702  1820 I DisplayPowerController: HBM brightnessOut =38
03-17 16:14:09.920  1702  1820 D DisplayPowerController: Animating brightness: target=38, rate=200
03-17 16:14:09.955  1702  2113 W ActivityManager: getTasks: caller 10111 does not hold REAL_GET_TASKS; limiting output
03-17 16:14:09.960  1702 27357 W ActivityManager: getTasks: caller 10111 does not hold REAL_GET_TASKS; limiting output
03-17 16:14:10.606  1702  2105 D PowerManagerService: userActivityNoUpdateLocked: eventTime=261875239, event=2, flags=0x0, uid=1000
03-17 16:14:10.607  1702  2105 D PowerManagerService: ready=true,policy=3,wakefulness=1,wksummary=0x0,uasummary=0x1,bootcompleted=true,boostinprogress=false,waitmodeenable=false,mode=false,manual=38,auto=-1,adj=0.0userId=0
03-17 16:14:10.760  2227  2227 V PhoneStatusBar: setLightsOn(true)
03-17 16:14:10.761  2227  2227 I PhoneStatusBar: setSystemUiVisibility vis=0 mask=1 oldVal=40000500 newVal=40000500 diff=0 fullscreenStackVis=0 dockedStackVis=0, fullscreenStackBounds=Rect(0, 0 - 0, 0), dockedStackBounds=Rect(0, 0 - 0, 0)
03-17 16:14:10.786  2227  2227 V PhoneStatusBar: setLightsOn(true)
03-17 16:14:10.787  2227  2227 I PhoneStatusBar: setSystemUiVisibility vis=0 mask=1 oldVal=40000500 newVal=40000500 diff=0 fullscreenStackVis=0 dockedStackVis=0, fullscreenStackBounds=Rect(0, 0 - 0, 0), dockedStackBounds=Rect(0, 0 - 0, 0)
03-17 16:14:10.853  2227  2227 V PhoneStatusBar: setLightsOn(true)
03-17 16:14:10.853  2227  2227 I PhoneStatusBar: setSystemUiVisibility vis=0 mask=1 oldVal=40000500 newVal=40000500 diff=0 fullscreenStackVis=0 dockedStackVis=0, fullscreenStackBounds=Rect(0, 0 - 0, 0), dockedStackBounds=Rect(0, 0 - 0, 0)
03-17 16:14:10.873  2227  2227 V PhoneStatusBar: setLightsOn(true)
03-17 16:14:10.874  2227  2227 I PhoneStatusBar: setSystemUiVisibility vis=0 mask=1 oldVal=40000500 newVal=40000500 diff=0 fullscreenStackVis=0 dockedStackVis=0, fullscreenStackBounds=Rect(0, 0 - 0, 0), dockedStackBounds=Rect(0, 0 - 0, 0)
03-17 16:14:12.930  1702  1820 I DisplayPowerController: HBM brightnessIn =38
03-17 16:14:12.931  1702  1820 I DisplayPowerController: HBM brightnessOut =38
03-17 16:14:12.931  1702  1820 D DisplayPowerController: Animating brightness: target=38, rate=200
03-17 16:14:14.950  1702  2105 D PowerManagerService: userActivityNoUpdateLocked: eventTime=261879585, event=2, flags=0x0, uid=1000
03-17 16:14:14.951  1702  2105 D PowerManagerService: ready=true,policy=3,wakefulness=1,wksummary=0x0,uasummary=0x1,bootcompleted=true,boostinprogress=false,waitmodeenable=false,mode=false,manual=38,auto=-1,adj=0.0userId=0
03-17 16:14:15.028  2227  2227 V PhoneStatusBar: setLightsOn(true)
03-17 16:14:15.028  2227  2227 I PhoneStatusBar: setSystemUiVisibility vis=0 mask=1 oldVal=40000500 newVal=40000500 diff=0 fullscreenStackVis=0 dockedStackVis=0, fullscreenStackBounds=Rect(0, 0 - 0, 0), dockedStackBounds=Rect(0, 0 - 0, 0)
03-17 16:14:15.072  1702  2395 I WindowManager: Destroying surface Surface(name=PopupWindow:d76a91d) called by com.android.server.wm.WindowStateAnimator.destroySurface:2060 com.android.server.wm.WindowStateAnimator.destroySurfaceLocked:913 com.android.server.wm.WindowState.removeLocked:1554 com.android.server.wm.WindowManagerService.removeWindowInnerLocked:2739 com.android.server.wm.WindowManagerService.removeWindowInnerLocked:2702 com.android.server.wm.WindowManagerService.removeWindowLocked:2691 com.android.server.wm.WindowManagerService.removeWindowLocked:2560 com.android.server.wm.WindowManagerService.removeWindow:2555 
03-17 16:14:15.076  2227  2227 V PhoneStatusBar: setLightsOn(true)
03-17 16:14:15.076  2227  2227 I PhoneStatusBar: setSystemUiVisibility vis=0 mask=1 oldVal=40000500 newVal=40000500 diff=0 fullscreenStackVis=0 dockedStackVis=0, fullscreenStackBounds=Rect(0, 0 - 0, 0), dockedStackBounds=Rect(0, 0 - 0, 0)
03-17 16:14:15.087  1702  2555 I WindowManager: Destroying surface Surface(name=PopupWindow:9b04807) called by com.android.server.wm.WindowStateAnimator.destroySurface:2060 com.android.server.wm.WindowStateAnimator.destroySurfaceLocked:913 com.android.server.wm.WindowState.removeLocked:1554 com.android.server.wm.WindowManagerService.removeWindowInnerLocked:2739 com.android.server.wm.WindowManagerService.removeWindowInnerLocked:2702 com.android.server.wm.WindowManagerService.removeWindowLocked:2691 com.android.server.wm.WindowManagerService.removeWindowLocked:2560 com.android.server.wm.WindowManagerService.removeWindow:2555 
03-17 16:14:15.091  2227  2227 V PhoneStatusBar: setLightsOn(true)
03-17 16:14:15.091  2227  2227 I PhoneStatusBar: setSystemUiVisibility vis=0 mask=1 oldVal=40000500 newVal=40000500 diff=0 fullscreenStackVis=0 dockedStackVis=0, fullscreenStackBounds=Rect(0, 0 - 0, 0), dockedStackBounds=Rect(0, 0 - 0, 0)
03-17 16:14:15.941  1702  1820 I DisplayPowerController: HBM brightnessIn =38
03-17 16:14:15.942  1702  1820 I DisplayPowerController: HBM brightnessOut =38
03-17 16:14:15.942  1702  1820 D DisplayPowerController: Animating brightness: target=38, rate=200
03-17 16:14:16.223  1702  2105 D PowerManagerService: userActivityNoUpdateLocked: eventTime=261880856, event=2, flags=0x0, uid=1000
03-17 16:14:16.224  1702  2105 D PowerManagerService: ready=true,policy=3,wakefulness=1,wksummary=0x0,uasummary=0x1,bootcompleted=true,boostinprogress=false,waitmodeenable=false,mode=false,manual=38,auto=-1,adj=0.0userId=0
03-17 16:14:16.320  2227  2227 V PhoneStatusBar: setLightsOn(true)
03-17 16:14:16.321  2227  2227 I PhoneStatusBar: setSystemUiVisibility vis=0 mask=1 oldVal=40000500 newVal=40000500 diff=0 fullscreenStackVis=0 dockedStackVis=0, fullscreenStackBounds=Rect(0, 0 - 0, 0), dockedStackBounds=Rect(0, 0 - 0, 0)
03-17 16:14:16.332  2227  2227 V PhoneStatusBar: setLightsOn(true)
03-17 16:14:16.332  2227  2227 I PhoneStatusBar: setSystemUiVisibility vis=0 mask=1 oldVal=40000500 newVal=40000500 diff=0 fullscreenStackVis=0 dockedStackVis=0, fullscreenStackBounds=Rect(0, 0 - 0, 0), dockedStackBounds=Rect(0, 0 - 0, 0)
03-17 16:14:16.368  2227  2227 V PhoneStatusBar: setLightsOn(true)
03-17 16:14:16.369  2227  2227 I PhoneStatusBar: setSystemUiVisibility vis=0 mask=1 oldVal=40000500 newVal=40000500 diff=0 fullscreenStackVis=0 dockedStackVis=0, fullscreenStackBounds=Rect(0, 0 - 0, 0), dockedStackBounds=Rect(0, 0 - 0, 0)
03-17 16:14:16.386  2227  2227 V PhoneStatusBar: setLightsOn(true)
03-17 16:14:16.386  2227  2227 I PhoneStatusBar: setSystemUiVisibility vis=0 mask=1 oldVal=40000500 newVal=40000500 diff=0 fullscreenStackVis=0 dockedStackVis=0, fullscreenStackBounds=Rect(0, 0 - 0, 0), dockedStackBounds=Rect(0, 0 - 0, 0)
03-17 16:14:16.451  1702  2395 W ActivityManager: getRunningAppProcesses: caller 10113 does not hold REAL_GET_TASKS; limiting output
03-17 16:14:16.568  2227  2227 V PhoneStatusBar: setLightsOn(true)
03-17 16:14:16.569  2227  2227 I PhoneStatusBar: setSystemUiVisibility vis=0 mask=1 oldVal=40000500 newVal=40000500 diff=0 fullscreenStackVis=0 dockedStackVis=0, fullscreenStackBounds=Rect(0, 0 - 0, 0), dockedStackBounds=Rect(0, 0 - 0, 0)
03-17 16:14:16.585  2227  2227 V PhoneStatusBar: setLightsOn(true)
03-17 16:14:16.585  2227  2227 I PhoneStatusBar: setSystemUiVisibility vis=0 mask=1 oldVal=40000500 newVal=40000500 diff=0 fullscreenStackVis=0 dockedStackVis=0, fullscreenStackBounds=Rect(0, 0 - 0, 0), dockedStackBounds=Rect(0, 0 - 0, 0)
03-17 16:14:16.769  1702  2105 D PowerManagerService: userActivityNoUpdateLocked: eventTime=261881405, event=2, flags=0x0, uid=1000
03-17 16:14:16.770  1702  2105 D PowerManagerService: ready=true,policy=3,wakefulness=1,wksummary=0x0,uasummary=0x1,bootcompleted=true,boostinprogress=false,waitmodeenable=false,mode=false,manual=38,auto=-1,adj=0.0userId=0
03-17 16:14:16.800  2227  2227 V PhoneStatusBar: setLightsOn(true)
03-17 16:14:16.800  2227  2227 I PhoneStatusBar: setSystemUiVisibility vis=0 mask=1 oldVal=40000500 newVal=40000500 diff=0 fullscreenStackVis=0 dockedStackVis=0, fullscreenStackBounds=Rect(0, 0 - 0, 0), dockedStackBounds=Rect(0, 0 - 0, 0)
03-17 16:14:16.819  2227  2227 V PhoneStatusBar: setLightsOn(true)
03-17 16:14:16.820  2227  2227 I PhoneStatusBar: setSystemUiVisibility vis=0 mask=1 oldVal=40000500 newVal=40000500 diff=0 fullscreenStackVis=0 dockedStackVis=0, fullscreenStackBounds=Rect(0, 0 - 0, 0), dockedStackBounds=Rect(0, 0 - 0, 0)
03-17 16:14:17.018  2227  2227 V PhoneStatusBar: setLightsOn(true)
03-17 16:14:17.018  2227  2227 I PhoneStatusBar: setSystemUiVisibility vis=0 mask=1 oldVal=40000500 newVal=40000500 diff=0 fullscreenStackVis=0 dockedStackVis=0, fullscreenStackBounds=Rect(0, 0 - 0, 0), dockedStackBounds=Rect(0, 0 - 0, 0)
03-17 16:14:17.036  2227  2227 V PhoneStatusBar: setLightsOn(true)
03-17 16:14:17.036  2227  2227 I PhoneStatusBar: setSystemUiVisibility vis=0 mask=1 oldVal=40000500 newVal=40000500 diff=0 fullscreenStackVis=0 dockedStackVis=0, fullscreenStackBounds=Rect(0, 0 - 0, 0), dockedStackBounds=Rect(0, 0 - 0, 0)
03-17 16:14:17.957  1702  2556 W ActivityManager: getRunningAppProcesses: caller 10113 does not hold REAL_GET_TASKS; limiting output
03-17 16:14:18.961  1702  2105 D PowerManagerService: userActivityNoUpdateLocked: eventTime=261883596, event=2, flags=0x0, uid=1000
03-17 16:14:18.962  1702  2105 D PowerManagerService: ready=true,policy=3,wakefulness=1,wksummary=0x0,uasummary=0x1,bootcompleted=true,boostinprogress=false,waitmodeenable=false,mode=false,manual=38,auto=-1,adj=0.0userId=0
03-17 16:14:19.038  2227  2227 V PhoneStatusBar: setLightsOn(true)
03-17 16:14:19.039  2227  2227 I PhoneStatusBar: setSystemUiVisibility vis=0 mask=1 oldVal=40000500 newVal=40000500 diff=0 fullscreenStackVis=0 dockedStackVis=0, fullscreenStackBounds=Rect(0, 0 - 0, 0), dockedStackBounds=Rect(0, 0 - 0, 0)
03-17 16:14:19.061  2227  2227 V PhoneStatusBar: setLightsOn(true)
03-17 16:14:19.062  2227  2227 I PhoneStatusBar: setSystemUiVisibility vis=0 mask=1 oldVal=40000500 newVal=40000500 diff=0 fullscreenStackVis=0 dockedStackVis=0, fullscreenStackBounds=Rect(0, 0 - 0, 0), dockedStackBounds=Rect(0, 0 - 0, 0)
03-17 16:14:19.248  1702  1820 I DisplayPowerController: HBM brightnessIn =38
03-17 16:14:19.248  1702  1820 I DisplayPowerController: HBM brightnessOut =38
03-17 16:14:19.248  1702  1820 D DisplayPowerController: Animating brightness: target=38, rate=200
03-17 16:14:19.311  2227  2227 V PhoneStatusBar: setLightsOn(true)
03-17 16:14:19.311  2227  2227 I PhoneStatusBar: setSystemUiVisibility vis=0 mask=1 oldVal=40000500 newVal=40000500 diff=0 fullscreenStackVis=0 dockedStackVis=0, fullscreenStackBounds=Rect(0, 0 - 0, 0), dockedStackBounds=Rect(0, 0 - 0, 0)
03-17 16:14:19.550  1702  1820 I DisplayPowerController: HBM brightnessIn =38