03-17 16:15:06.241  2626  2838 W PhoneInterfaceManager: shouldBlockLocation running ...
03-17 16:15:06.241  2626  2838 I PhoneInterfaceManager: shouldBlockLocation  ret:false
03-17 16:15:06.807  1702  1820 I DisplayPowerController: HBM brightnessIn =38
03-17 16:15:06.807  1702  1820 I DisplayPowerController: HBM brightnessOut =38
03-17 16:15:06.807  1702  1820 D DisplayPowerController: Animating brightness: target=38, rate=200
03-17 16:15:07.846  1702  8671 D PowerManagerService: acquire lock=120758482, flags=0x1, tag="RILJ_ACK_WL", name=com.android.phone, ws=null, uid=1001, pid=2626
03-17 16:15:07.847  1702  8671 D PowerManagerService: ready=true,policy=3,wakefulness=1,wksummary=0x1,uasummary=0x1,bootcompleted=true,boostinprogress=false,waitmodeenable=false,mode=false,manual=38,auto=-1,adj=0.0userId=0
03-17 16:15:07.847  1702  8671 D PowerManagerService: Acquiring suspend blocker "PowerManagerService.WakeLocks".
03-17 16:15:07.853  1702  2395 D PowerManagerService: acquire lock=120758482, flags=0x1, tag="RILJ_ACK_WL", name=com.android.phone, ws=null, uid=1001, pid=2626
03-17 16:15:07.854  1702  2395 D PowerManagerService: ready=true,policy=3,wakefulness=1,wksummary=0x1,uasummary=0x1,bootcompleted=true,boostinprogress=false,waitmodeenable=false,mode=false,manual=38,auto=-1,adj=0.0userId=0
03-17 16:15:07.856  1702  3137 D PowerManagerService: ready=true,policy=3,wakefulness=1,wksummary=0x1,uasummary=0x1,bootcompleted=true,boostinprogress=false,waitmodeenable=false,mode=false,manual=38,auto=-1,adj=0.0userId=0
03-17 16:15:07.859  1702 17621 D PowerManagerService: ready=true,policy=3,wakefulness=1,wksummary=0x1,uasummary=0x1,bootcompleted=true,boostinprogress=false,waitmodeenable=false,mode=false,manual=38,auto=-1,adj=0.0userId=0
03-17 16:15:07.861  1702  1736 D PowerManagerService: ready=true,policy=3,wakefulness=1,wksummary=0x1,uasummary=0x1,bootcompleted=true,boostinprogress=false,waitmodeenable=false,mode=false,manual=38,auto=-1,adj=0.0userId=0
03-17 16:15:07.862  1702 27353 D PowerManagerService: ready=true,policy=3,wakefulness=1,wksummary=0x1,uasummary=0x1,bootcompleted=true,boostinprogress=false,waitmodeenable=false,mode=false,manual=38,auto=-1,adj=0.0userId=0
03-17 16:15:07.902  1702  2555 D PowerManagerService: ready=true,policy=3,wakefulness=1,wksummary=0x1,uasummary=0x1,bootcompleted=true,boostinprogress=false,waitmodeenable=false,mode=false,manual=38,auto=-1,adj=0.0userId=0
03-17 16:15:07.969  2626  2838 W PhoneInterfaceManager: shouldBlockLocation running ...
03-17 16:15:07.969  2626  2838 I PhoneInterfaceManager: shouldBlockLocation  ret:false
03-17 16:15:08.022  2626  2839 W PhoneInterfaceManager: shouldBlockLocation running ...
03-17 16:15:08.023  2626  2839 I PhoneInterfaceManager: shouldBlockLocation  ret:false
03-17 16:15:08.055  1702  3694 D PowerManagerService: release:lock=120758482, flg=0x0, tag="RILJ_ACK_WL", name=com.android.phone", ws=null, uid=1001, pid=2626
03-17 16:15:08.056  1702  3694 D PowerManagerService: ready=true,policy=3,wakefulness=1,wksummary=0x0,uasummary=0x1,bootcompleted=true,boostinprogress=false,waitmodeenable=false,mode=false,manual=38,auto=-1,adj=0.0userId=0
03-17 16:15:08.056  1702  3694 D PowerManagerService: Releasing suspend blocker "PowerManagerService.WakeLocks".
03-17 16:15:08.059  3664  3807 D TelephonyManager: getNeighboringCellInfo calling app is com.amap.android.ams
03-17 16:15:08.062  2626  2839 W PhoneInterfaceManager: shouldBlockLocation running ...
03-17 16:15:08.063  2626  2839 I PhoneInterfaceManager: shouldBlockLocation  ret:false
03-17 16:15:08.066  1702  2644 D PowerManagerService: ready=true,policy=3,wakefulness=1,wksummary=0x1,uasummary=0x1,bootcompleted=true,boostinprogress=false,waitmodeenable=false,mode=false,manual=38,auto=-1,adj=0.0userId=0
03-17 16:15:08.066  1702  2644 D PowerManagerService: Acquiring suspend blocker "PowerManagerService.WakeLocks".
03-17 16:15:08.076  1702  2633 D PowerManagerService: ready=true,policy=3,wakefulness=1,wksummary=0x0,uasummary=0x1,bootcompleted=true,boostinprogress=false,waitmodeenable=false,mode=false,manual=38,auto=-1,adj=0.0userId=0
03-17 16:15:08.076  1702  2633 D PowerManagerService: Releasing suspend blocker "PowerManagerService.WakeLocks".
03-17 16:15:08.080  2626  3848 W PhoneInterfaceManager: shouldBlockLocation running ...
03-17 16:15:08.080  2626  3848 I PhoneInterfaceManager: shouldBlockLocation  ret:false
03-17 16:15:08.089  2626  2838 W PhoneInterfaceManager: shouldBlockLocation running ...
03-17 16:15:08.089  2626  2838 I PhoneInterfaceManager: shouldBlockLocation  ret:false
03-17 16:15:11.325  1702  1820 I DisplayPowerController: HBM brightnessIn =38
03-17 16:15:11.325  1702  1820 I DisplayPowerController: HBM brightnessOut =38
03-17 16:15:11.325  1702  1820 D DisplayPowerController: Animating brightness: target=38, rate=200
03-17 16:15:15.843  1702  1820 I DisplayPowerController: HBM brightnessIn =38
03-17 16:15:15.844  1702  1820 I DisplayPowerController: HBM brightnessOut =38
03-17 16:15:15.844  1702  1820 D DisplayPowerController: Animating brightness: target=38, rate=200
03-17 16:15:18.834  1702 27357 W ActivityManager: getRunningAppProcesses: caller 10111 does not hold REAL_GET_TASKS; limiting output
03-17 16:15:18.856 28601 28601 V AudioManager: unregisterAudioFocusListener...
03-17 16:15:18.856 28601 28601 I AudioManager: abandonAudioFocus
03-17 16:15:18.859 28601 12278 I MediaPlayer: [HSM] stayAwake false uid: 10111, pid: 28601
03-17 16:15:18.866 28601 12278 I MediaPlayer: Pid:28601 MediaPlayer destructor
03-17 16:15:19.879  1702  2555 W ActivityManager: getRunningAppProcesses: caller 10111 does not hold REAL_GET_TASKS; limiting output
03-17 16:15:19.882  1702 17621 W ActivityManager: getRunningAppProcesses: caller 10111 does not hold REAL_GET_TASKS; limiting output
03-17 16:15:19.986  1702  3693 I DisplayManagerService: stopWifiDisplayScanLocked record.mWifiDisplayScanRequested=false
03-17 16:15:19.986  1702  3693 I DisplayManagerService: stopWifiDisplayScanLocked mWifiDisplayScanRequestCount=0
03-17 16:15:19.992  1702  2644 I ActivityManager: Process com.tencent.mobileqq:qzone (pid 12236) has died
03-17 16:15:19.992  1702  2644 D ActivityManager: cleanUpApplicationRecord -- 12236
03-17 16:15:19.993  1702  2644 W ActivityManager: Scheduling restart of crashed service com.tencent.mobileqq/cooperation.qzone.remote.logic.QzoneWebPluginProxyService in 1000ms
03-17 16:15:19.993  1702  2644 I ActivityManager: cleanUpApplicationRecordLocked, pid: 12236, restart: false
03-17 16:15:19.993  1702  2644 I ActivityManager: cleanUpApplicationRecordLocked, reset pid: 12236, euid: 0
03-17 16:15:20.000  1702 14638 W ActivityManager: getTasks: caller 10111 does not hold REAL_GET_TASKS; limiting output
03-17 16:15:20.118 23650 23685 V AudioManager: isMusicActive...
03-17 16:15:20.357  1702  1820 I DisplayPowerController: HBM brightnessIn =38
03-17 16:15:20.357  1702  1820 I DisplayPowerController: HBM brightnessOut =38
03-17 16:15:20.357  1702  1820 D DisplayPowerController: Animating brightness: target=38, rate=200
03-17 16:15:20.661  1702  1820 I DisplayPowerController: HBM brightnessIn =38
03-17 16:15:20.661  1702  1820 I DisplayPowerController: HBM brightnessOut =38
03-17 16:15:20.661  1702  1820 D DisplayPowerController: Animating brightness: target=38, rate=200
03-17 16:15:20.963  1702  1820 I DisplayPowerController: HBM brightnessIn =38
03-17 16:15:20.963  1702  1820 I DisplayPowerController: HBM brightnessOut =38
03-17 16:15:20.963  1702  1820 D DisplayPowerController: Animating brightness: target=38, rate=200
03-17 16:15:20.995  1702  1765 I ActivityManager: new Process app=ProcessRecord{6eaaf00 0:com.tencent.mobileqq:qzone/u0a111}, name: com.tencent.mobileqq:qzone, euid: 0
03-17 16:15:21.065  1702  1765 I ActivityManager: Start proc 13003:com.tencent.mobileqq:qzone/u0a111 for service com.tencent.mobileqq/cooperation.qzone.remote.logic.QzoneWebPluginProxyService
03-17 16:15:21.126  1702  2250 D ActivityManager: ActivityManagerService,attachApplication,callingPid = 13003
03-17 16:15:21.207  1702  8289 W ActivityManager: getRunningAppProcesses: caller 10111 does not hold REAL_GET_TASKS; limiting output
03-17 16:15:21.230  1702  2107 W ActivityManager: getRunningAppProcesses: caller 10111 does not hold REAL_GET_TASKS; limiting output
03-17 16:15:21.264  1702  1820 I DisplayPowerController: HBM brightnessIn =38
03-17 16:15:21.264  1702  1820 I DisplayPowerController: HBM brightnessOut =38
03-17 16:15:21.264  1702  1820 D DisplayPowerController: Animating brightness: target=38, rate=200
03-17 16:15:21.323  1702 14638 W ActivityManager: getRunningAppProcesses: caller 10111 does not hold REAL_GET_TASKS; limiting output
03-17 16:15:21.566  1702  1820 I DisplayPowerController: HBM brightnessIn =38
03-17 16:15:21.566  1702  1820 I DisplayPowerController: HBM brightnessOut =38
03-17 16:15:21.566  1702  1820 D DisplayPowerController: Animating brightness: target=38, rate=200
03-17 16:15:21.868  1702  8671 W ActivityManager: getRunningAppProcesses: caller 10113 does not hold REAL_GET_TASKS; limiting output
03-17 16:15:22.067  1702  8303 W ActivityManager: getRunningAppProcesses: caller 10111 does not hold REAL_GET_TASKS; limiting output
03-17 16:15:22.073  1702  2395 W ActivityManager: getRunningAppProcesses: caller 10111 does not hold REAL_GET_TASKS; limiting output
03-17 16:15:22.122  1702 10454 W ActivityManager: getRunningAppProcesses: caller 10111 does not hold REAL_GET_TASKS; limiting output