Dec 10 11:03:27 LabSZ sshd[25438]: Failed password for root from 183.62.140.253 port 50101 ssh2
Dec 10 11:03:27 LabSZ sshd[25438]: Received disconnect from 183.62.140.253: 11: Bye Bye [preauth]
Dec 10 11:03:27 LabSZ sshd[25440]: pam_unix(sshd:auth): authentication failure; logname= uid=0 euid=0 tty=ssh ruser= rhost=183.62.140.253  user=root
Dec 10 11:03:29 LabSZ sshd[25440]: Failed password for root from 183.62.140.253 port 50562 ssh2
Dec 10 11:03:29 LabSZ sshd[25440]: Received disconnect from 183.62.140.253: 11: Bye Bye [preauth]
Dec 10 11:03:29 LabSZ sshd[25442]: pam_unix(sshd:auth): authentication failure; logname= uid=0 euid=0 tty=ssh ruser= rhost=183.62.140.253  user=root
Dec 10 11:03:31 LabSZ sshd[25442]: Failed password for root from 183.62.140.253 port 51018 ssh2
Dec 10 11:03:31 LabSZ sshd[25442]: Received disconnect from 183.62.140.253: 11: Bye Bye [preauth]
Dec 10 11:03:31 LabSZ sshd[25444]: pam_unix(sshd:auth): authentication failure; logname= uid=0 euid=0 tty=ssh ruser= rhost=183.62.140.253  user=root
Dec 10 11:03:33 LabSZ sshd[25444]: Failed password for root from 183.62.140.253 port 51443 ssh2
Dec 10 11:03:33 LabSZ sshd[25444]: Received disconnect from 183.62.140.253: 11: Bye Bye [preauth]
Dec 10 11:03:34 LabSZ sshd[25446]: pam_unix(sshd:auth): authentication failure; logname= uid=0 euid=0 tty=ssh ruser= rhost=183.62.140.253  user=root
Dec 10 11:03:36 LabSZ sshd[25446]: Failed password for root from 183.62.140.253 port 51867 ssh2
Dec 10 11:03:36 LabSZ sshd[25446]: Received disconnect from 183.62.140.253: 11: Bye Bye [preauth]
Dec 10 11:03:36 LabSZ sshd[25450]: pam_unix(sshd:auth): authentication failure; logname= uid=0 euid=0 tty=ssh ruser= rhost=183.62.140.253  user=root
Dec 10 11:03:37 LabSZ sshd[25448]: Invalid user admin from 103.99.0.122
Dec 10 11:03:37 LabSZ sshd[25448]: input_userauth_request: invalid user admin [preauth]
Dec 10 11:03:37 LabSZ sshd[25448]: pam_unix(sshd:auth): check pass; user unknown
Dec 10 11:03:37 LabSZ sshd[25448]: pam_unix(sshd:auth): authentication failure; logname= uid=0 euid=0 tty=ssh ruser= rhost=103.99.0.122 
Dec 10 11:03:38 LabSZ sshd[25450]: Failed password for root from 183.62.140.253 port 52289 ssh2
Dec 10 11:03:38 LabSZ sshd[25450]: Received disconnect from 183.62.140.253: 11: Bye Bye [preauth]
Dec 10 11:03:38 LabSZ sshd[25453]: pam_unix(sshd:auth): authentication failure; logname= uid=0 euid=0 tty=ssh ruser= rhost=183.62.140.253  user=root
Dec 10 11:03:39 LabSZ sshd[25448]: Failed password for invalid user admin from 103.99.0.122 port 60150 ssh2
Dec 10 11:03:40 LabSZ sshd[25448]: error: Received disconnect from 103.99.0.122: 14: No more user authentication methods available. [preauth]
Dec 10 11:03:41 LabSZ sshd[25453]: Failed password for root from 183.62.140.253 port 52762 ssh2
Dec 10 11:03:41 LabSZ sshd[25453]: Received disconnect from 183.62.140.253: 11: Bye Bye [preauth]
Dec 10 11:03:41 LabSZ sshd[25455]: Invalid user support from 103.99.0.122
Dec 10 11:03:41 LabSZ sshd[25455]: input_userauth_request: invalid user support [preauth]
Dec 10 11:03:41 LabSZ sshd[25455]: pam_unix(sshd:auth): check pass; user unknown
Dec 10 11:03:41 LabSZ sshd[25455]: pam_unix(sshd:auth): authentication failure; logname= uid=0 euid=0 tty=ssh ruser= rhost=103.99.0.122 
Dec 10 11:03:43 LabSZ sshd[25455]: Failed password for invalid user support from 103.99.0.122 port 60735 ssh2
Dec 10 11:03:44 LabSZ sshd[25455]: error: Received disconnect from 103.99.0.122: 14: No more user authentication methods available. [preauth]
Dec 10 11:03:45 LabSZ sshd[25459]: Invalid user user from 103.99.0.122
Dec 10 11:03:45 LabSZ sshd[25459]: input_userauth_request: invalid user user [preauth]
Dec 10 11:03:45 LabSZ sshd[25459]: pam_unix(sshd:auth): check pass; user unknown
Dec 10 11:03:45 LabSZ sshd[25459]: pam_unix(sshd:auth): authentication failure; logname= uid=0 euid=0 tty=ssh ruser= rhost=103.99.0.122 
Dec 10 11:03:48 LabSZ sshd[25459]: Failed password for invalid user user from 103.99.0.122 port 61269 ssh2
Dec 10 11:03:48 LabSZ sshd[25459]: error: Received disconnect from 103.99.0.122: 14: No more user authentication methods available. [preauth]
Dec 10 11:03:50 LabSZ sshd[25461]: pam_unix(sshd:auth): authentication failure; logname= uid=0 euid=0 tty=ssh ruser= rhost=103.99.0.122  user=root
Dec 10 11:03:51 LabSZ sshd[25457]: pam_unix(sshd:auth): authentication failure; logname= uid=0 euid=0 tty=ssh ruser= rhost=183.62.140.253  user=root
Dec 10 11:03:51 LabSZ sshd[25463]: pam_unix(sshd:auth): authentication failure; logname= uid=0 euid=0 tty=ssh ruser= rhost=183.62.140.253  user=root
Dec 10 11:03:52 LabSZ sshd[25461]: Failed password for root from 103.99.0.122 port 61906 ssh2
Dec 10 11:03:52 LabSZ sshd[25461]: error: Received disconnect from 103.99.0.122: 14: No more user authentication methods available. [preauth]
Dec 10 11:03:53 LabSZ sshd[25457]: Failed password for root from 183.62.140.253 port 53245 ssh2
Dec 10 11:03:53 LabSZ sshd[25457]: fatal: Write failed: Connection reset by peer [preauth]
Dec 10 11:03:53 LabSZ sshd[25463]: Failed password for root from 183.62.140.253 port 55138 ssh2
Dec 10 11:03:53 LabSZ sshd[25463]: Received disconnect from 183.62.140.253: 11: Bye Bye [preauth]
Dec 10 11:03:53 LabSZ sshd[25468]: pam_unix(sshd:auth): authentication failure; logname= uid=0 euid=0 tty=ssh ruser= rhost=183.62.140.253  user=root
Dec 10 11:03:54 LabSZ sshd[25465]: Invalid user 1234 from 103.99.0.122
Dec 10 11:03:54 LabSZ sshd[25465]: input_userauth_request: invalid user 1234 [preauth]
Dec 10 11:03:54 LabSZ sshd[25465]: pam_unix(sshd:auth): check pass; user unknown
Dec 10 11:03:54 LabSZ sshd[25465]: pam_unix(sshd:auth): authentication failure; logname= uid=0 euid=0 tty=ssh ruser= rhost=103.99.0.122 
Dec 10 11:03:56 LabSZ sshd[25468]: Failed password for root from 183.62.140.253 port 55557 ssh2
Dec 10 11:03:56 LabSZ sshd[25468]: Received disconnect from 183.62.140.253: 11: Bye Bye [preauth]
Dec 10 11:03:56 LabSZ sshd[25470]: pam_unix(sshd:auth): authentication failure; logname= uid=0 euid=0 tty=ssh ruser= rhost=183.62.140.253  user=root
Dec 10 11:03:56 LabSZ sshd[25465]: Failed password for invalid user 1234 from 103.99.0.122 port 62429 ssh2
Dec 10 11:03:57 LabSZ sshd[25465]: error: Received disconnect from 103.99.0.122: 14: No more user authentication methods available. [preauth]
Dec 10 11:03:58 LabSZ sshd[25470]: Failed password for root from 183.62.140.253 port 55969 ssh2
Dec 10 11:03:58 LabSZ sshd[25470]: Received disconnect from 183.62.140.253: 11: Bye Bye [preauth]
Dec 10 11:03:58 LabSZ sshd[25474]: pam_unix(sshd:auth): authentication failure; logname= uid=0 euid=0 tty=ssh ruser= rhost=183.62.140.253  user=root
Dec 10 11:03:58 LabSZ sshd[25472]: pam_unix(sshd:auth): authentication failure; logname= uid=0 euid=0 tty=ssh ruser= rhost=103.99.0.122  user=root
Dec 10 11:04:00 LabSZ sshd[25474]: Failed password for root from 183.62.140.253 port 56423 ssh2
Dec 10 11:04:00 LabSZ sshd[25474]: Received disconnect from 183.62.140.253: 11: Bye Bye [preauth]
Dec 10 11:04:00 LabSZ sshd[25476]: pam_unix(sshd:auth): authentication failure; logname= uid=0 euid=0 tty=ssh ruser= rhost=183.62.140.253  user=root
Dec 10 11:04:00 LabSZ sshd[25472]: Failed password for root from 103.99.0.122 port 63012 ssh2
Dec 10 11:04:00 LabSZ sshd[25472]: error: Received disconnect from 103.99.0.122: 14: No more user authentication methods available. [preauth]
Dec 10 11:04:02 LabSZ sshd[25478]: Invalid user anonymous from 103.99.0.122
Dec 10 11:04:02 LabSZ sshd[25478]: input_userauth_request: invalid user anonymous [preauth]
Dec 10 11:04:02 LabSZ sshd[25478]: pam_unix(sshd:auth): check pass; user unknown
Dec 10 11:04:02 LabSZ sshd[25478]: pam_unix(sshd:auth): authentication failure; logname= uid=0 euid=0 tty=ssh ruser= rhost=103.99.0.122 
Dec 10 11:04:02 LabSZ sshd[25476]: Failed password for root from 183.62.140.253 port 56779 ssh2
Dec 10 11:04:02 LabSZ sshd[25476]: Received disconnect from 183.62.140.253: 11: Bye Bye [preauth]
Dec 10 11:04:02 LabSZ sshd[25480]: pam_unix(sshd:auth): authentication failure; logname= uid=0 euid=0 tty=ssh ruser= rhost=183.62.140.253  user=root
Dec 10 11:04:04 LabSZ sshd[25478]: Failed password for invalid user anonymous from 103.99.0.122 port 63514 ssh2
Dec 10 11:04:04 LabSZ sshd[25478]: error: Received disconnect from 103.99.0.122: 14: No more user authentication methods available. [preauth]
Dec 10 11:04:04 LabSZ sshd[25480]: Failed password for root from 183.62.140.253 port 57223 ssh2
Dec 10 11:04:04 LabSZ sshd[25480]: Received disconnect from 183.62.140.253: 11: Bye Bye [preauth]
Dec 10 11:04:05 LabSZ sshd[25482]: pam_unix(sshd:auth): authentication failure; logname= uid=0 euid=0 tty=ssh ruser= rhost=183.62.140.253  user=root
Dec 10 11:04:06 LabSZ sshd[25482]: Failed password for root from 183.62.140.253 port 57631 ssh2
Dec 10 11:04:06 LabSZ sshd[25482]: Received disconnect from 183.62.140.253: 11: Bye Bye [preauth]
Dec 10 11:04:06 LabSZ sshd[25487]: pam_unix(sshd:auth): authentication failure; logname= uid=0 euid=0 tty=ssh ruser= rhost=183.62.140.253  user=root
Dec 10 11:04:07 LabSZ sshd[25484]: Invalid user admin from 103.99.0.122
Dec 10 11:04:07 LabSZ sshd[25484]: input_userauth_request: invalid user admin [preauth]
Dec 10 11:04:07 LabSZ sshd[25484]: pam_unix(sshd:auth): check pass; user unknown
Dec 10 11:04:07 LabSZ sshd[25484]: pam_unix(sshd:auth): authentication failure; logname= uid=0 euid=0 tty=ssh ruser= rhost=103.99.0.122 
Dec 10 11:04:08 LabSZ sshd[25487]: Failed password for root from 183.62.140.253 port 57916 ssh2
Dec 10 11:04:08 LabSZ sshd[25487]: Received disconnect from 183.62.140.253: 11: Bye Bye [preauth]
Dec 10 11:04:08 LabSZ sshd[25490]: pam_unix(sshd:auth): authentication failure; logname= uid=0 euid=0 tty=ssh ruser= rhost=183.62.140.253  user=root
Dec 10 11:04:10 LabSZ sshd[25484]: Failed password for invalid user admin from 103.99.0.122 port 64031 ssh2
Dec 10 11:04:10 LabSZ sshd[25484]: error: Received disconnect from 103.99.0.122: 14: No more user authentication methods available. [preauth]
Dec 10 11:04:11 LabSZ sshd[25490]: Failed password for root from 183.62.140.253 port 58365 ssh2
Dec 10 11:04:11 LabSZ sshd[25490]: Received disconnect from 183.62.140.253: 11: Bye Bye [preauth]
Dec 10 11:04:11 LabSZ sshd[25494]: pam_unix(sshd:auth): authentication failure; logname= uid=0 euid=0 tty=ssh ruser= rhost=183.62.140.253  user=root
Dec 10 11:04:12 LabSZ sshd[25492]: Invalid user ubnt from 103.99.0.122
Dec 10 11:04:12 LabSZ sshd[25492]: input_userauth_request: invalid user ubnt [preauth]
Dec 10 11:04:12 LabSZ sshd[25492]: pam_unix(sshd:auth): check pass; user unknown