03-17 16:15:49.436  1702  3694 I WindowManager: The change in focus caused us to need to do a layout begin
03-17 16:15:49.436  1702  3694 I WindowManager: The change in focus caused us to need to do a layout end
03-17 16:15:49.450  2227  2227 I StackScrollAlgorithm: updateClipping isOverlap:false, getTopPadding=333.0, Translation=-24.0
03-17 16:15:49.450  2227  2227 I StackScrollAlgorithm: updateDimmedActivatedHideSensitive overlap:false
03-17 16:15:49.462  2227  2227 I PhoneStatusBar: setSystemUiVisibility vis=80000508 mask=ffffffff oldVal=c0000700 newVal=80000508 diff=40000208 fullscreenStackVis=0 dockedStackVis=0, fullscreenStackBounds=Rect(0, 0 - 720, 1280), dockedStackBounds=Rect(0, 0 - 0, 0)
03-17 16:15:49.465  2227  2227 I PhoneStatusBar: cancelAutohide
03-17 16:15:49.465  2227  2227 I PhoneStatusBar: notifyUiVisibilityChanged:vis=0x80000508, SystemUiVisibility=0x80000508
03-17 16:15:49.472  2227  2227 V PhoneStatusBar: setLightsOn(true)
03-17 16:15:49.472  2227  2227 I PhoneStatusBar: setSystemUiVisibility vis=0 mask=1 oldVal=80000508 newVal=80000508 diff=0 fullscreenStackVis=0 dockedStackVis=0, fullscreenStackBounds=Rect(0, 0 - 0, 0), dockedStackBounds=Rect(0, 0 - 0, 0)
03-17 16:15:49.497  1702  2633 D ActivityManager: Skipping, withExcluded: false, tr.intent:Intent { flg=0x10804000 cmp=com.android.systemui/.recents.RecentsActivity bnds=[264,444][920,908] }
03-17 16:15:49.497  1702  2633 D ActivityManager: Skipping, withExcluded: false, tr.intent:Intent { act=android.intent.action.MAIN flg=0x10840000 cmp=com.android.incallui/.InCallActivity (has extras) }
03-17 16:15:49.497  1702  2633 D ActivityManager: Skipping, withExcluded: false, tr.intent:Intent { flg=0x18800000 cmp=com.tencent.mm/.plugin.base.stub.WXEntryActivity (has extras) }
03-17 16:15:49.497  1702  2633 D ActivityManager: Skipping, withExcluded: false, tr.intent:Intent { flg=0x10800000 cmp=com.tencent.qqmusic/.business.lockscreen.LockScreenActivity (has extras) }
03-17 16:15:49.498  1702  2633 D ActivityManager: Skipping, withExcluded: false, tr.intent:Intent { act=com.android.contacts.action.CHOOSE_SUB dat=tel:xxxxxxxxxxx flg=0x10808000 cmp=com.android.contacts/.ChooseSubActivity (has extras) }
03-17 16:15:49.498  1702  2633 D ActivityManager: Skipping, withExcluded: false, tr.intent:Intent { act=android.intent.action.VIEW dat=file:///storage/emulated/0/Tencent/QQfile_recv/b.apk typ=application/vnd.android.package-archive flg=0x10800000 cmp=com.android.packageinstaller/.PackageInstallerActivity (has extras) }
03-17 16:15:49.498  1702  2633 D ActivityManager: getRecentTasks: num=20,flags=62,totalTasks=46
03-17 16:15:49.498  1702  2633 D ActivityManager: getRecentTasks: topActivity=ComponentInfo{com.tencent.mobileqq/com.tencent.mobileqq.activity.SplashActivity}
03-17 16:15:49.507  1702 17621 D ActivityManager: Skipping, withExcluded: false, tr.intent:Intent { flg=0x10804000 cmp=com.android.systemui/.recents.RecentsActivity bnds=[264,444][920,908] }
03-17 16:15:49.507  1702 17621 D ActivityManager: Skipping, withExcluded: false, tr.intent:Intent { act=android.intent.action.MAIN flg=0x10840000 cmp=com.android.incallui/.InCallActivity (has extras) }
03-17 16:15:49.507  1702 17621 D ActivityManager: Skipping, withExcluded: false, tr.intent:Intent { flg=0x18800000 cmp=com.tencent.mm/.plugin.base.stub.WXEntryActivity (has extras) }
03-17 16:15:49.508  1702 17621 D ActivityManager: getRecentTasks: num=10,flags=62,totalTasks=46
03-17 16:15:49.508  1702 17621 D ActivityManager: getRecentTasks: topActivity=ComponentInfo{com.tencent.mobileqq/com.tencent.mobileqq.activity.SplashActivity}
03-17 16:15:49.524  2227  2227 V PhoneStatusBar: setLightsOn(true)
03-17 16:15:49.525  2227  2227 I PhoneStatusBar: setSystemUiVisibility vis=0 mask=1 oldVal=80000508 newVal=80000508 diff=0 fullscreenStackVis=0 dockedStackVis=0, fullscreenStackBounds=Rect(0, 0 - 0, 0), dockedStackBounds=Rect(0, 0 - 0, 0)
03-17 16:15:49.525  1702 27353 I NotificationManager: cancelNotificationWithTag pid 28601,uid = 10111,tag = null,pkg =com.tencent.mobileqq,id =121
03-17 16:15:49.527  1702  1702 I NotificationManager: cancelNotification,index:0
03-17 16:15:49.527  1702  1702 I NotificationManager: cancelNotification,cancelNotificationLocked,callingUid = 10111,callingPid = 28601
03-17 16:15:49.527  1702  1702 I NotificationManager: cancelNotificationLocked called,tell the app,reason = 8
03-17 16:15:49.528  1702  1702 I NotificationManager: cancelNotificationLocked:0|com.tencent.mobileqq|121|null|10111
03-17 16:15:49.528  1702  2250 I NotificationManager: cancelNotificationWithTag pid 28601,uid = 10111,tag = null,pkg =com.tencent.mobileqq,id =119
03-17 16:15:49.528  1702  1702 I NotificationManager: cancelNotificationLocked,remove =com.tencent.mobileqq
03-17 16:15:49.529  1702  2555 I NotificationManager: cancelNotificationWithTag pid 28601,uid = 10111,tag = null,pkg =com.tencent.mobileqq,id =122
03-17 16:15:49.529  1702  1702 I NotificationManager: updateLightsLocked,mInCall =false,mScreenOn = true,ledNotification == null?true
03-17 16:15:49.529  1702  1702 I NotificationManager: updateLightsLocked,turn off notificationLight
03-17 16:15:49.535  1702  1702 I NotificationManager: cancelNotification,index:-1
03-17 16:15:49.536  1702  1702 I NotificationManager: cancelNotification,index:-1
03-17 16:15:49.537  2227  2227 I PhoneStatusBar: setSystemUiVisibility vis=40000500 mask=ffffffff oldVal=80000508 newVal=40000500 diff=c0000008 fullscreenStackVis=0 dockedStackVis=0, fullscreenStackBounds=Rect(0, 0 - 720, 1280), dockedStackBounds=Rect(0, 0 - 0, 0)
03-17 16:15:49.539  2227  2227 I PhoneStatusBar: cancelAutohide
03-17 16:15:49.539  2227  2227 I PhoneStatusBar: notifyUiVisibilityChanged:vis=0x40000500, SystemUiVisibility=0x40000500
03-17 16:15:49.542  1702  2639 I NotificationManager: cancelNotificationWithTag pid 28601,uid = 10111,tag = null,pkg =com.tencent.mobileqq,id =123
03-17 16:15:49.545  1702 14638 I NotificationManager: cancelNotificationWithTag pid 28601,uid = 10111,tag = null,pkg =com.tencent.mobileqq,id =129
03-17 16:15:49.552  1702  1702 I NotificationManager: cancelNotification,index:-1
03-17 16:15:49.552  1702  1702 I NotificationManager: cancelNotification,index:-1
03-17 16:15:49.554  1702  2113 I NotificationManager: cancelNotificationWithTag pid 28601,uid = 10111,tag = null,pkg =com.tencent.mobileqq,id =135
03-17 16:15:49.555  1702  1702 I NotificationManager: cancelNotification,index:-1
03-17 16:15:49.559  1702 17621 I NotificationManager: cancelNotificationWithTag pid 28601,uid = 10111,tag = null,pkg =com.tencent.mobileqq,id =140
03-17 16:15:49.560  1702  1702 I NotificationManager: cancelNotification,index:-1
03-17 16:15:49.562  2626  2808 W PhoneInterfaceManager: shouldBlockLocation running ...
03-17 16:15:49.562  2227  2227 V PhoneStatusBar: setLightsOn(true)
03-17 16:15:49.563  2227  2227 I PhoneStatusBar: setSystemUiVisibility vis=0 mask=1 oldVal=40000500 newVal=40000500 diff=0 fullscreenStackVis=0 dockedStackVis=0, fullscreenStackBounds=Rect(0, 0 - 0, 0), dockedStackBounds=Rect(0, 0 - 0, 0)
03-17 16:15:49.564  2227  2227 I PhoneStatusBar: removeNotification:0|com.tencent.mobileqq|121|null|10111
03-17 16:15:49.564  2227  2227 I PhoneStatusBar: updateNotificationShade: total=0, active=0
03-17 16:15:49.566  1702 10454 I NotificationManager: cancelNotificationWithTag pid 28601,uid = 10111,tag = null,pkg =com.tencent.mobileqq,id =144
03-17 16:15:49.567  1702  1702 I NotificationManager: cancelNotification,index:-1
03-17 16:15:49.568  2227  2227 I PhoneStatusBar: removeNotificationChildren
03-17 16:15:49.568  2227  2227 I PhoneStatusBar: animateCollapsePanels:flags=0, force=false, delayed=false, mExpandedVisible=false
03-17 16:15:49.569  2227  2227 I PanelView: closeQs
03-17 16:15:49.572  2227  2227 I PanelView: cancelPeek: false
03-17 16:15:49.573  2227  2227 I PanelView: instantCollapse
03-17 16:15:49.573  2227  2227 I PanelView: cancelPeek: false
03-17 16:15:49.576  1702  2618 D PowerManagerService: release:lock=189667585, flg=0x0, tag="*launch*", name=android", ws=WorkSource{10111}, uid=1000, pid=1702
03-17 16:15:49.577  1702  2618 D PowerManagerService: ready=true,policy=3,wakefulness=1,wksummary=0x0,uasummary=0x1,bootcompleted=true,boostinprogress=false,waitmodeenable=false,mode=false,manual=38,auto=-1,adj=0.0userId=0
03-17 16:15:49.577  1702  2618 D PowerManagerService: Releasing suspend blocker "PowerManagerService.WakeLocks".
03-17 16:15:49.585  2227  2227 I StackScrollAlgorithm: updateClipping isOverlap:false, getTopPadding=333.0, Translation=0.0
03-17 16:15:49.585  2227  2227 I StackScrollAlgorithm: updateDimmedActivatedHideSensitive overlap:false
03-17 16:15:49.587  2227  2227 V PhoneStatusBar: setLightsOn(true)
03-17 16:15:49.587  2227  2227 I PhoneStatusBar: setSystemUiVisibility vis=0 mask=1 oldVal=40000500 newVal=40000500 diff=0 fullscreenStackVis=0 dockedStackVis=0, fullscreenStackBounds=Rect(0, 0 - 0, 0), dockedStackBounds=Rect(0, 0 - 0, 0)
03-17 16:15:49.590  2227  2227 V PhoneStatusBar: setLightsOn(true)
03-17 16:15:49.590  2227  2227 I PhoneStatusBar: setSystemUiVisibility vis=0 mask=1 oldVal=40000500 newVal=40000500 diff=0 fullscreenStackVis=0 dockedStackVis=0, fullscreenStackBounds=Rect(0, 0 - 0, 0), dockedStackBounds=Rect(0, 0 - 0, 0)
03-17 16:15:49.593  1702 17632 I NotificationManager: cancelNotificationWithTag pid 28601,uid = 10111,tag = null,pkg =com.tencent.mobileqq,id =193
03-17 16:15:49.593  1702  1702 I NotificationManager: cancelNotification,index:-1
03-17 16:15:49.595  2626  2808 I PhoneInterfaceManager: shouldBlockLocation  ret:true
03-17 16:15:49.595  2626  2808 D PhoneInterfaceManager: getAllCellInfo is blocked by permission manager . callingPackage = com.tencent.mobileqq
03-17 16:15:49.670  2227  2227 V PhoneStatusBar: setLightsOn(true)
03-17 16:15:49.670  2227  2227 I PhoneStatusBar: setSystemUiVisibility vis=0 mask=1 oldVal=40000500 newVal=40000500 diff=0 fullscreenStackVis=0 dockedStackVis=0, fullscreenStackBounds=Rect(0, 0 - 0, 0), dockedStackBounds=Rect(0, 0 - 0, 0)
03-17 16:15:49.678  2227  2227 V PhoneStatusBar: setLightsOn(true)
03-17 16:15:49.678  2227  2227 I PhoneStatusBar: setSystemUiVisibility vis=0 mask=1 oldVal=40000500 newVal=40000500 diff=0 fullscreenStackVis=0 dockedStackVis=0, fullscreenStackBounds=Rect(0, 0 - 0, 0), dockedStackBounds=Rect(0, 0 - 0, 0)
03-17 16:15:49.719  2227  2227 V PhoneStatusBar: setLightsOn(true)
03-17 16:15:49.720  2227  2227 I PhoneStatusBar: setSystemUiVisibility vis=0 mask=1 oldVal=40000500 newVal=40000500 diff=0 fullscreenStackVis=0 dockedStackVis=0, fullscreenStackBounds=Rect(0, 0 - 0, 0), dockedStackBounds=Rect(0, 0 - 0, 0)
03-17 16:15:50.038  1702 17633 W ActivityManager: getTasks: caller 10111 does not hold REAL_GET_TASKS; limiting output