03-17 16:14:19.550  1702  1820 I DisplayPowerController: HBM brightnessOut =38
03-17 16:14:19.550  1702  1820 D DisplayPowerController: Animating brightness: target=38, rate=200
03-17 16:14:19.830  1702  2105 D PowerManagerService: userActivityNoUpdateLocked: eventTime=261884464, event=2, flags=0x0, uid=1000
03-17 16:14:19.831  1702  2105 D PowerManagerService: ready=true,policy=3,wakefulness=1,wksummary=0x0,uasummary=0x1,bootcompleted=true,boostinprogress=false,waitmodeenable=false,mode=false,manual=38,auto=-1,adj=0.0userId=0
03-17 16:14:19.898  2227  2227 V PhoneStatusBar: setLightsOn(true)
03-17 16:14:19.898  2227  2227 I PhoneStatusBar: setSystemUiVisibility vis=0 mask=1 oldVal=40000500 newVal=40000500 diff=0 fullscreenStackVis=0 dockedStackVis=0, fullscreenStackBounds=Rect(0, 0 - 0, 0), dockedStackBounds=Rect(0, 0 - 0, 0)
03-17 16:14:20.108 23650 23685 V AudioManager: isMusicActive...
03-17 16:14:20.275  2227  2227 V PhoneStatusBar: setLightsOn(true)
03-17 16:14:20.275  2227  2227 I PhoneStatusBar: setSystemUiVisibility vis=0 mask=1 oldVal=40000500 newVal=40000500 diff=0 fullscreenStackVis=0 dockedStackVis=0, fullscreenStackBounds=Rect(0, 0 - 0, 0), dockedStackBounds=Rect(0, 0 - 0, 0)
03-17 16:14:20.291  2227  2227 V PhoneStatusBar: setLightsOn(true)
03-17 16:14:20.292  2227  2227 I PhoneStatusBar: setSystemUiVisibility vis=0 mask=1 oldVal=40000500 newVal=40000500 diff=0 fullscreenStackVis=0 dockedStackVis=0, fullscreenStackBounds=Rect(0, 0 - 0, 0), dockedStackBounds=Rect(0, 0 - 0, 0)
03-17 16:14:20.530  2227  2227 V PhoneStatusBar: setLightsOn(true)
03-17 16:14:20.530  2227  2227 I PhoneStatusBar: setSystemUiVisibility vis=0 mask=1 oldVal=40000500 newVal=40000500 diff=0 fullscreenStackVis=0 dockedStackVis=0, fullscreenStackBounds=Rect(0, 0 - 0, 0), dockedStackBounds=Rect(0, 0 - 0, 0)
03-17 16:14:20.666  1702  2105 D PowerManagerService: userActivityNoUpdateLocked: eventTime=261885300, event=2, flags=0x0, uid=1000
03-17 16:14:20.667  1702  2105 D PowerManagerService: ready=true,policy=3,wakefulness=1,wksummary=0x0,uasummary=0x1,bootcompleted=true,boostinprogress=false,waitmodeenable=false,mode=false,manual=38,auto=-1,adj=0.0userId=0
03-17 16:14:20.765  2227  2227 V PhoneStatusBar: setLightsOn(true)
03-17 16:14:20.766  2227  2227 I PhoneStatusBar: setSystemUiVisibility vis=0 mask=1 oldVal=40000500 newVal=40000500 diff=0 fullscreenStackVis=0 dockedStackVis=0, fullscreenStackBounds=Rect(0, 0 - 0, 0), dockedStackBounds=Rect(0, 0 - 0, 0)
03-17 16:14:21.182  1702  2105 D PowerManagerService: userActivityNoUpdateLocked: eventTime=261885816, event=2, flags=0x0, uid=1000
03-17 16:14:21.183  1702  2105 D PowerManagerService: ready=true,policy=3,wakefulness=1,wksummary=0x0,uasummary=0x1,bootcompleted=true,boostinprogress=false,waitmodeenable=false,mode=false,manual=38,auto=-1,adj=0.0userId=0
03-17 16:14:21.261  2227  2227 V PhoneStatusBar: setLightsOn(true)
03-17 16:14:21.262  2227  2227 I PhoneStatusBar: setSystemUiVisibility vis=0 mask=1 oldVal=40000500 newVal=40000500 diff=0 fullscreenStackVis=0 dockedStackVis=0, fullscreenStackBounds=Rect(0, 0 - 0, 0), dockedStackBounds=Rect(0, 0 - 0, 0)
03-17 16:14:21.278  2227  2227 V PhoneStatusBar: setLightsOn(true)
03-17 16:14:21.278  2227  2227 I PhoneStatusBar: setSystemUiVisibility vis=0 mask=1 oldVal=40000500 newVal=40000500 diff=0 fullscreenStackVis=0 dockedStackVis=0, fullscreenStackBounds=Rect(0, 0 - 0, 0), dockedStackBounds=Rect(0, 0 - 0, 0)
03-17 16:14:21.428  2227  2227 V PhoneStatusBar: setLightsOn(true)
03-17 16:14:21.428  2227  2227 I PhoneStatusBar: setSystemUiVisibility vis=0 mask=1 oldVal=40000500 newVal=40000500 diff=0 fullscreenStackVis=0 dockedStackVis=0, fullscreenStackBounds=Rect(0, 0 - 0, 0), dockedStackBounds=Rect(0, 0 - 0, 0)
03-17 16:14:21.466  2227  2227 V PhoneStatusBar: setLightsOn(true)
03-17 16:14:21.467  2227  2227 I PhoneStatusBar: setSystemUiVisibility vis=0 mask=1 oldVal=40000500 newVal=40000500 diff=0 fullscreenStackVis=0 dockedStackVis=0, fullscreenStackBounds=Rect(0, 0 - 0, 0), dockedStackBounds=Rect(0, 0 - 0, 0)
03-17 16:14:21.885  1702  2105 D PowerManagerService: userActivityNoUpdateLocked: eventTime=261886520, event=2, flags=0x0, uid=1000
03-17 16:14:21.886  1702  2105 D PowerManagerService: ready=true,policy=3,wakefulness=1,wksummary=0x0,uasummary=0x1,bootcompleted=true,boostinprogress=false,waitmodeenable=false,mode=false,manual=38,auto=-1,adj=0.0userId=0
03-17 16:14:21.967  2227  2227 V PhoneStatusBar: setLightsOn(true)
03-17 16:14:21.967  2227  2227 I PhoneStatusBar: setSystemUiVisibility vis=0 mask=1 oldVal=40000500 newVal=40000500 diff=0 fullscreenStackVis=0 dockedStackVis=0, fullscreenStackBounds=Rect(0, 0 - 0, 0), dockedStackBounds=Rect(0, 0 - 0, 0)
03-17 16:14:22.436  1702  2105 D PowerManagerService: userActivityNoUpdateLocked: eventTime=261887070, event=2, flags=0x0, uid=1000
03-17 16:14:22.437  1702  2105 D PowerManagerService: ready=true,policy=3,wakefulness=1,wksummary=0x0,uasummary=0x1,bootcompleted=true,boostinprogress=false,waitmodeenable=false,mode=false,manual=38,auto=-1,adj=0.0userId=0
03-17 16:14:22.502 28601 28601 V AudioManager: playSoundEffect   effectType: 0
03-17 16:14:22.502 28601 28601 V AudioManager: querySoundEffectsEnabled...
03-17 16:14:22.516  1702 27357 I WindowManager: Destroying surface Surface(name=PopupWindow:9b04807) called by com.android.server.wm.WindowStateAnimator.destroySurface:2060 com.android.server.wm.WindowStateAnimator.destroySurfaceLocked:913 com.android.server.wm.WindowState.removeLocked:1554 com.android.server.wm.WindowManagerService.removeWindowInnerLocked:2739 com.android.server.wm.WindowManagerService.removeWindowInnerLocked:2702 com.android.server.wm.WindowManagerService.removeWindowLocked:2691 com.android.server.wm.WindowManagerService.removeWindowLocked:2560 com.android.server.wm.WindowManagerService.removeWindow:2555 
03-17 16:14:22.521  2227  2227 V PhoneStatusBar: setLightsOn(true)
03-17 16:14:22.522  2227  2227 I PhoneStatusBar: setSystemUiVisibility vis=0 mask=1 oldVal=40000500 newVal=40000500 diff=0 fullscreenStackVis=0 dockedStackVis=0, fullscreenStackBounds=Rect(0, 0 - 0, 0), dockedStackBounds=Rect(0, 0 - 0, 0)
03-17 16:14:22.534  1702 14638 I WindowManager: Destroying surface Surface(name=PopupWindow:317e46) called by com.android.server.wm.WindowStateAnimator.destroySurface:2060 com.android.server.wm.WindowStateAnimator.destroySurfaceLocked:913 com.android.server.wm.WindowState.removeLocked:1554 com.android.server.wm.WindowManagerService.removeWindowInnerLocked:2739 com.android.server.wm.WindowManagerService.removeWindowInnerLocked:2702 com.android.server.wm.WindowManagerService.removeWindowLocked:2691 com.android.server.wm.WindowManagerService.removeWindowLocked:2560 com.android.server.wm.WindowManagerService.removeWindow:2555 
03-17 16:14:22.539  2227  2227 V PhoneStatusBar: setLightsOn(true)
03-17 16:14:22.539  2227  2227 I PhoneStatusBar: setSystemUiVisibility vis=0 mask=1 oldVal=40000500 newVal=40000500 diff=0 fullscreenStackVis=0 dockedStackVis=0, fullscreenStackBounds=Rect(0, 0 - 0, 0), dockedStackBounds=Rect(0, 0 - 0, 0)
03-17 16:14:22.633  2227  2227 V PhoneStatusBar: setLightsOn(true)
03-17 16:14:22.633  2227  2227 I PhoneStatusBar: setSystemUiVisibility vis=0 mask=1 oldVal=40000500 newVal=40000500 diff=0 fullscreenStackVis=0 dockedStackVis=0, fullscreenStackBounds=Rect(0, 0 - 0, 0), dockedStackBounds=Rect(0, 0 - 0, 0)
03-17 16:14:22.649  2227  2227 V PhoneStatusBar: setLightsOn(true)
03-17 16:14:22.649  2227  2227 I PhoneStatusBar: setSystemUiVisibility vis=0 mask=1 oldVal=40000500 newVal=40000500 diff=0 fullscreenStackVis=0 dockedStackVis=0, fullscreenStackBounds=Rect(0, 0 - 0, 0), dockedStackBounds=Rect(0, 0 - 0, 0)
03-17 16:14:22.675  2227  2227 V PhoneStatusBar: setLightsOn(true)
03-17 16:14:22.675  2227  2227 I PhoneStatusBar: setSystemUiVisibility vis=0 mask=1 oldVal=40000500 newVal=40000500 diff=0 fullscreenStackVis=0 dockedStackVis=0, fullscreenStackBounds=Rect(0, 0 - 0, 0), dockedStackBounds=Rect(0, 0 - 0, 0)
03-17 16:14:22.687  2227  2227 V PhoneStatusBar: setLightsOn(true)
03-17 16:14:22.688  2227  2227 I PhoneStatusBar: setSystemUiVisibility vis=0 mask=1 oldVal=40000500 newVal=40000500 diff=0 fullscreenStackVis=0 dockedStackVis=0, fullscreenStackBounds=Rect(0, 0 - 0, 0), dockedStackBounds=Rect(0, 0 - 0, 0)
03-17 16:14:23.457  1702  1820 I DisplayPowerController: HBM brightnessIn =38
03-17 16:14:23.458  1702  1820 I DisplayPowerController: HBM brightnessOut =38
03-17 16:14:23.458  1702  1820 D DisplayPowerController: Animating brightness: target=38, rate=200
03-17 16:14:24.640  1702 27357 W ActivityManager: getRunningAppProcesses: caller 10113 does not hold REAL_GET_TASKS; limiting output
03-17 16:14:24.967  1702 10454 W ActivityManager: getTasks: caller 10111 does not hold REAL_GET_TASKS; limiting output
03-17 16:14:24.971  1702 27365 W ActivityManager: getTasks: caller 10111 does not hold REAL_GET_TASKS; limiting output
03-17 16:14:24.976  1702 17632 W ActivityManager: getTasks: caller 10111 does not hold REAL_GET_TASKS; limiting output
03-17 16:14:24.979  1702 14640 W ActivityManager: getTasks: caller 10111 does not hold REAL_GET_TASKS; limiting output
03-17 16:14:25.046  1702  2250 W ActivityManager: getRunningAppProcesses: caller 10111 does not hold REAL_GET_TASKS; limiting output
03-17 16:14:25.816 23650 23689 V AudioManager: isMusicActive...
03-17 16:14:27.045  1702  2096 I AlarmManager: sending alarm Alarm{19069ff type 3 when 509169377 PendingIntent{50303cc: PendingIntentRecord{e204f60 com.android.phone broadcastIntent}}},repeatInterval = 0,listenerTag =null
03-17 16:14:27.047  1702  2096 D PowerManagerService: ready=true,policy=3,wakefulness=1,wksummary=0x1,uasummary=0x1,bootcompleted=true,boostinprogress=false,waitmodeenable=false,mode=false,manual=38,auto=-1,adj=0.0userId=0
03-17 16:14:27.047  1702  2096 D PowerManagerService: Acquiring suspend blocker "PowerManagerService.WakeLocks".
03-17 16:14:27.059  1702 17621 I ActivityManager: Killing 23484:com.android.calendar/u0a13 (adj 906): empty for 1810s
03-17 16:14:27.075  1702  1702 D PowerManagerService: ready=true,policy=3,wakefulness=1,wksummary=0x0,uasummary=0x1,bootcompleted=true,boostinprogress=false,waitmodeenable=false,mode=false,manual=38,auto=-1,adj=0.0userId=0
03-17 16:14:27.075  1702  1702 D PowerManagerService: Releasing suspend blocker "PowerManagerService.WakeLocks".
03-17 16:14:27.161  1702 17632 I DisplayManagerService: stopWifiDisplayScanLocked record.mWifiDisplayScanRequested=false
03-17 16:14:27.161  1702 17632 I DisplayManagerService: stopWifiDisplayScanLocked mWifiDisplayScanRequestCount=0
03-17 16:14:27.162  1702  3693 D ActivityManager: cleanUpApplicationRecord -- 5784
03-17 16:14:27.162  1702  3693 I ActivityManager: cleanUpApplicationRecordLocked, pid: 5784, restart: false
03-17 16:14:27.162  1702  3693 I ActivityManager: cleanUpApplicationRecordLocked, reset pid: 5784, euid: 0
03-17 16:14:27.169  1702  2618 I DisplayManagerService: stopWifiDisplayScanLocked record.mWifiDisplayScanRequested=false
03-17 16:14:27.169  1702  2618 I DisplayManagerService: stopWifiDisplayScanLocked mWifiDisplayScanRequestCount=0
03-17 16:14:27.170  1702  1736 D ActivityManager: cleanUpApplicationRecord -- 23484
03-17 16:14:27.170  1702  1736 I ActivityManager: cleanUpApplicationRecordLocked, pid: 23484, restart: false
03-17 16:14:27.171  1702  1736 I ActivityManager: cleanUpApplicationRecordLocked, reset pid: 23484, euid: 0
03-17 16:14:27.181  1702  3694 I DisplayManagerService: stopWifiDisplayScanLocked record.mWifiDisplayScanRequested=false
03-17 16:14:27.181  1702  3694 I DisplayManagerService: stopWifiDisplayScanLocked mWifiDisplayScanRequestCount=0
03-17 16:14:27.182  1702  1737 D ActivityManager: cleanUpApplicationRecord -- 5769
03-17 16:14:27.182  1702  1737 I ActivityManager: cleanUpApplicationRecordLocked, pid: 5769, restart: false
03-17 16:14:27.183  1702  1737 I ActivityManager: cleanUpApplicationRecordLocked, reset pid: 5769, euid: 0