03-17 16:15:47.586  1702  8303 D PowerManagerService: userActivityNoUpdateLocked: eventTime=261972223, event=0, flags=0x0, uid=1000
03-17 16:15:47.587  1702  8303 D PowerManagerService: ready=true,policy=3,wakefulness=1,wksummary=0x0,uasummary=0x1,bootcompleted=true,boostinprogress=false,waitmodeenable=false,mode=false,manual=38,auto=-1,adj=0.0userId=0
03-17 16:15:47.589  1702  3697 D WindowManager: interceptKeyTq keycode=3 interactive=true keyguardActive=false policyFlags=2b000002 down false canceled false
03-17 16:15:47.589  1702  3697 D WindowManager: interceptKeyBeforeQueueing: key 3 , result : 1
03-17 16:15:47.590  2227  2318 V AudioManager: querySoundEffectsEnabled...
03-17 16:15:47.622  2227  2227 I PhoneStatusBar: animateCollapsePanels:flags=0, force=false, delayed=false, mExpandedVisible=false
03-17 16:15:47.625  1702  2105 D PowerManagerService: userActivityNoUpdateLocked: eventTime=261972262, event=0, flags=0x0, uid=1000
03-17 16:15:47.625  1702  2105 D PowerManagerService: ready=true,policy=3,wakefulness=1,wksummary=0x0,uasummary=0x1,bootcompleted=true,boostinprogress=false,waitmodeenable=false,mode=false,manual=38,auto=-1,adj=0.0userId=0
03-17 16:15:47.625  2227  2227 I PanelView: closeQs
03-17 16:15:47.630  2227  2227 I PanelView: cancelPeek: false
03-17 16:15:47.630  2227  2227 I PanelView: instantCollapse
03-17 16:15:47.630  2227  2227 I PanelView: cancelPeek: false
03-17 16:15:47.669  1702  2105 D PowerManagerService: acquire lock=189667585, flags=0x1, tag="*launch*", name=android, ws=WorkSource{10057}, uid=1000, pid=1702
03-17 16:15:47.669  1702  2105 D PowerManagerService: ready=true,policy=3,wakefulness=1,wksummary=0x1,uasummary=0x1,bootcompleted=true,boostinprogress=false,waitmodeenable=false,mode=false,manual=38,auto=-1,adj=0.0userId=0
03-17 16:15:47.669  1702  2105 D PowerManagerService: Acquiring suspend blocker "PowerManagerService.WakeLocks".
03-17 16:15:47.746  1702 17621 I WindowManager: rotationForOrientationLw(orient=1, last=0); user=0 USER_ROTATION_LOCKED
03-17 16:15:47.746  1702 17621 I WindowManager: Application requested orientation 1, got rotation 0 which has compatible metrics
03-17 16:15:47.778  1702  8289 I WindowManager: Taking screenshot from Surface with crop:[Rect(0, 48 - 720, 1208)], width:[432], height:[696], minLayer:[21080], maxLayer:[21085], inRotation:[false], rot:[0]
03-17 16:15:47.927  1702  8290 I WindowManager: The change in focus caused us to need to do a layout begin
03-17 16:15:47.927  1702  8290 I WindowManager: The change in focus caused us to need to do a layout end
03-17 16:15:47.932  2227  2227 I PhoneStatusBar: setSystemUiVisibility vis=708 mask=ffffffff oldVal=40000600 newVal=708 diff=40000108 fullscreenStackVis=0 dockedStackVis=0, fullscreenStackBounds=Rect(0, 0 - 720, 1280), dockedStackBounds=Rect(0, 0 - 0, 0)
03-17 16:15:47.932  2227  2227 I PhoneStatusBar: cancelAutohide
03-17 16:15:47.932  2227  2227 I PhoneStatusBar: notifyUiVisibilityChanged:vis=0x708, SystemUiVisibility=0x708
03-17 16:15:47.945  2227  2227 I StackScrollAlgorithm: updateClipping isOverlap:false, getTopPadding=333.0, Translation=-24.0
03-17 16:15:47.945  2227  2227 I StackScrollAlgorithm: updateDimmedActivatedHideSensitive overlap:false
03-17 16:15:47.973  1702 17630 D ActivityManager: Skipping, withExcluded: false, tr.intent:Intent { flg=0x10804000 cmp=com.android.systemui/.recents.RecentsActivity bnds=[264,444][920,908] }
03-17 16:15:47.973  1702 17630 D ActivityManager: Skipping, withExcluded: false, tr.intent:Intent { act=android.intent.action.MAIN flg=0x10840000 cmp=com.android.incallui/.InCallActivity (has extras) }
03-17 16:15:47.973  1702 17630 D ActivityManager: Skipping, withExcluded: false, tr.intent:Intent { flg=0x18800000 cmp=com.tencent.mm/.plugin.base.stub.WXEntryActivity (has extras) }
03-17 16:15:47.974  1702 17630 D ActivityManager: Skipping, withExcluded: false, tr.intent:Intent { flg=0x10800000 cmp=com.tencent.qqmusic/.business.lockscreen.LockScreenActivity (has extras) }
03-17 16:15:47.974  1702 17630 D ActivityManager: Skipping, withExcluded: false, tr.intent:Intent { act=com.android.contacts.action.CHOOSE_SUB dat=tel:xxxxxxxxxxx flg=0x10808000 cmp=com.android.contacts/.ChooseSubActivity (has extras) }
03-17 16:15:47.974  1702 17630 D ActivityManager: Skipping, withExcluded: false, tr.intent:Intent { act=android.intent.action.VIEW dat=file:///storage/emulated/0/Tencent/QQfile_recv/b.apk typ=application/vnd.android.package-archive flg=0x10800000 cmp=com.android.packageinstaller/.PackageInstallerActivity (has extras) }
03-17 16:15:47.974  1702 17630 D ActivityManager: getRecentTasks: num=20,flags=62,totalTasks=46
03-17 16:15:47.974  1702 17630 D ActivityManager: getRecentTasks: topActivity=ComponentInfo{com.example.android.notepad/com.example.android.notepad.NoteEditor}
03-17 16:15:47.988  1702  2558 D ActivityManager: Skipping, withExcluded: false, tr.intent:Intent { flg=0x10804000 cmp=com.android.systemui/.recents.RecentsActivity bnds=[264,444][920,908] }
03-17 16:15:47.988  1702  2558 D ActivityManager: Skipping, withExcluded: false, tr.intent:Intent { act=android.intent.action.MAIN flg=0x10840000 cmp=com.android.incallui/.InCallActivity (has extras) }
03-17 16:15:47.988  1702  2558 D ActivityManager: Skipping, withExcluded: false, tr.intent:Intent { flg=0x18800000 cmp=com.tencent.mm/.plugin.base.stub.WXEntryActivity (has extras) }
03-17 16:15:47.989  1702  2558 D ActivityManager: getRecentTasks: num=10,flags=62,totalTasks=46
03-17 16:15:47.989  1702  2558 D ActivityManager: getRecentTasks: topActivity=ComponentInfo{com.example.android.notepad/com.example.android.notepad.NoteEditor}
03-17 16:15:48.077  1702  2395 W ActivityManager: getTasks: caller 10020 does not hold REAL_GET_TASKS; limiting output
03-17 16:15:48.106  2227  2227 I PhoneStatusBar: setSystemUiVisibility vis=c0000700 mask=ffffffff oldVal=708 newVal=c0000700 diff=c0000008 fullscreenStackVis=0 dockedStackVis=0, fullscreenStackBounds=Rect(0, 0 - 720, 1280), dockedStackBounds=Rect(0, 0 - 0, 0)
03-17 16:15:48.107  2227  2227 I PhoneStatusBar: cancelAutohide
03-17 16:15:48.107  2227  2227 I PhoneStatusBar: notifyUiVisibilityChanged:vis=0xc0000700, SystemUiVisibility=0xc0000700
03-17 16:15:48.120  1702  3697 W ActivityManager: getTasks: caller 10020 does not hold REAL_GET_TASKS; limiting output
03-17 16:15:48.241  1702  2556 D PowerManagerService: release:lock=189667585, flg=0x0, tag="*launch*", name=android", ws=WorkSource{10057}, uid=1000, pid=1702
03-17 16:15:48.242  1702  2556 D PowerManagerService: ready=true,policy=3,wakefulness=1,wksummary=0x0,uasummary=0x1,bootcompleted=true,boostinprogress=false,waitmodeenable=false,mode=false,manual=38,auto=-1,adj=0.0userId=0
03-17 16:15:48.242  1702  2556 D PowerManagerService: Releasing suspend blocker "PowerManagerService.WakeLocks".
03-17 16:15:48.334  1702 17622 I WindowManager: Destroying surface Surface(name=com.example.android.notepad/com.example.android.notepad.NoteEditor) called by com.android.server.wm.WindowStateAnimator.destroySurface:2060 com.android.server.wm.WindowStateAnimator.destroySurfaceLocked:913 com.android.server.wm.WindowState.destroyOrSaveSurface:2201 com.android.server.wm.AppWindowToken.destroySurfaces:374 com.android.server.wm.AppWindowToken.notifyAppStopped:400 com.android.server.wm.WindowManagerService.notifyAppStopped:4869 com.android.server.am.ActivityStack.activityStoppedLocked:1393 com.android.server.am.ActivityManagerService.activityStopped:7690 
03-17 16:15:48.336  1702 17622 I WindowManager: Destroying surface Surface(name=com.example.android.notepad/com.example.android.notepad.NoteEditor) called by com.android.server.wm.WindowStateAnimator.destroySurface:2060 com.android.server.wm.WindowStateAnimator.destroySurfaceLocked:913 com.android.server.wm.WindowState.destroyOrSaveSurface:2201 com.android.server.wm.AppWindowToken.destroySurfaces:374 com.android.server.wm.AppWindowToken.notifyAppStopped:400 com.android.server.wm.WindowManagerService.notifyAppStopped:4869 com.android.server.am.ActivityStack.activityStoppedLocked:1393 com.android.server.am.ActivityManagerService.activityStopped:7690 
03-17 16:15:48.426  1702 17630 W ActivityManager: getTasks: caller 10020 does not hold REAL_GET_TASKS; limiting output
03-17 16:15:48.432  1702 14638 W ActivityManager: getTasks: caller 10020 does not hold REAL_GET_TASKS; limiting output
03-17 16:15:48.612  7111  7111 V AudioManager: getRingerMode...
03-17 16:15:48.654  1702  2105 D PowerManagerService: userActivityNoUpdateLocked: eventTime=261973289, event=2, flags=0x0, uid=1000
03-17 16:15:48.655  2227  2227 I PhoneStatusBar: suspendAutohide
03-17 16:15:48.655  1702  2105 D PowerManagerService: ready=true,policy=3,wakefulness=1,wksummary=0x0,uasummary=0x1,bootcompleted=true,boostinprogress=false,waitmodeenable=false,mode=false,manual=38,auto=-1,adj=0.0userId=0
03-17 16:15:48.659  1702  3694 D WindowManager: interceptKeyTq keycode=3 interactive=true keyguardActive=false policyFlags=2b000002 down true canceled false
03-17 16:15:48.659  1702  3694 D WindowManager: interceptKeyBeforeQueueing: key 3 , result : 1
03-17 16:15:48.660  1702  2105 D PowerManagerService: userActivityNoUpdateLocked: eventTime=261973293, event=1, flags=0x0, uid=1000
03-17 16:15:48.660  1702  2105 D PowerManagerService: ready=true,policy=3,wakefulness=1,wksummary=0x0,uasummary=0x1,bootcompleted=true,boostinprogress=false,waitmodeenable=false,mode=false,manual=38,auto=-1,adj=0.0userId=0
03-17 16:15:48.689  2227  2227 I PhoneStatusBar: resumeSuspendedAutohide
03-17 16:15:48.691  1702  2618 D PowerManagerService: userActivityNoUpdateLocked: eventTime=261973328, event=0, flags=0x0, uid=1000
03-17 16:15:48.692  1702  2618 D PowerManagerService: ready=true,policy=3,wakefulness=1,wksummary=0x0,uasummary=0x1,bootcompleted=true,boostinprogress=false,waitmodeenable=false,mode=false,manual=38,auto=-1,adj=0.0userId=0
03-17 16:15:48.694  1702  3693 D WindowManager: interceptKeyTq keycode=3 interactive=true keyguardActive=false policyFlags=2b000002 down false canceled false
03-17 16:15:48.694  1702  3693 D WindowManager: interceptKeyBeforeQueueing: key 3 , result : 1
03-17 16:15:48.698  2227  2318 V AudioManager: querySoundEffectsEnabled...
03-17 16:15:48.715  1702  2105 D PowerManagerService: userActivityNoUpdateLocked: eventTime=261973352, event=0, flags=0x0, uid=1000
03-17 16:15:48.716  1702  2105 D PowerManagerService: ready=true,policy=3,wakefulness=1,wksummary=0x0,uasummary=0x1,bootcompleted=true,boostinprogress=false,waitmodeenable=false,mode=false,manual=38,auto=-1,adj=0.0userId=0
03-17 16:15:48.718  2227  2227 I PhoneStatusBar: animateCollapsePanels:flags=0, force=false, delayed=false, mExpandedVisible=false
03-17 16:15:48.718  2227  2227 I PanelView: closeQs
03-17 16:15:48.719  2227  2227 I PanelView: cancelPeek: false
03-17 16:15:48.719  2227  2227 I PanelView: instantCollapse
03-17 16:15:48.719  2227  2227 I PanelView: cancelPeek: false
03-17 16:15:49.204  1702  2105 D PowerManagerService: userActivityNoUpdateLocked: eventTime=261973840, event=2, flags=0x0, uid=1000
03-17 16:15:49.205  1702  2105 D PowerManagerService: ready=true,policy=3,wakefulness=1,wksummary=0x0,uasummary=0x1,bootcompleted=true,boostinprogress=false,waitmodeenable=false,mode=false,manual=38,auto=-1,adj=0.0userId=0
03-17 16:15:49.206  3714  3714 V AudioManager: playSoundEffect   effectType: 0
03-17 16:15:49.206  3714  3714 V AudioManager: querySoundEffectsEnabled...
03-17 16:15:49.209  1702  2250 I ActivityManager: START u0 {act=android.intent.action.MAIN cat=[android.intent.category.LAUNCHER] flg=0x10200000 cmp=com.tencent.mobileqq/.activity.SplashActivity bnds=[360,820][536,1011]} from uid 10057 on display 0
03-17 16:15:49.210  1702  2250 I ActivityManager: ActivityRecord info: ActivityInfo{71e60ba com.tencent.mobileqq.activity.SplashActivity}, euid: 0
03-17 16:15:49.228  1702  2250 D PowerManagerService: acquire lock=189667585, flags=0x1, tag="*launch*", name=android, ws=WorkSource{10111}, uid=1000, pid=1702
03-17 16:15:49.228  1702  2250 D PowerManagerService: ready=true,policy=3,wakefulness=1,wksummary=0x1,uasummary=0x1,bootcompleted=true,boostinprogress=false,waitmodeenable=false,mode=false,manual=38,auto=-1,adj=0.0userId=0
03-17 16:15:49.228  1702  2250 D PowerManagerService: Acquiring suspend blocker "PowerManagerService.WakeLocks".