03-17 16:16:01.899  1702  1820 I DisplayPowerController: HBM brightnessOut =38
03-17 16:16:01.899  1702  1820 D DisplayPowerController: Animating brightness: target=38, rate=200
03-17 16:16:02.202  1702  1820 I DisplayPowerController: HBM brightnessIn =38
03-17 16:16:02.202  1702  1820 I DisplayPowerController: HBM brightnessOut =38
03-17 16:16:02.202  1702  1820 D DisplayPowerController: Animating brightness: target=38, rate=200
03-17 16:16:02.240  1702  2105 D PowerManagerService: userActivityNoUpdateLocked: eventTime=261986874, event=2, flags=0x0, uid=1000
03-17 16:16:02.241  1702  2105 D PowerManagerService: ready=true,policy=3,wakefulness=1,wksummary=0x1,uasummary=0x1,bootcompleted=true,boostinprogress=false,waitmodeenable=false,mode=false,manual=38,auto=-1,adj=0.0userId=0
03-17 16:16:02.502  1702  1820 I DisplayPowerController: HBM brightnessIn =38
03-17 16:16:02.502  1702  1820 I DisplayPowerController: HBM brightnessOut =38
03-17 16:16:02.502  1702  1820 D DisplayPowerController: Animating brightness: target=38, rate=200
03-17 16:16:02.756  1702  2105 D PowerManagerService: userActivityNoUpdateLocked: eventTime=261987391, event=2, flags=0x0, uid=1000
03-17 16:16:02.757  1702  2105 D PowerManagerService: ready=true,policy=3,wakefulness=1,wksummary=0x1,uasummary=0x1,bootcompleted=true,boostinprogress=false,waitmodeenable=false,mode=false,manual=38,auto=-1,adj=0.0userId=0
03-17 16:16:02.802  1702  1820 I DisplayPowerController: HBM brightnessIn =38
03-17 16:16:02.802  1702  1820 I DisplayPowerController: HBM brightnessOut =38
03-17 16:16:02.802  1702  1820 D DisplayPowerController: Animating brightness: target=38, rate=200
03-17 16:16:02.895  1702  1820 D PowerManagerService: updateIsPoweredLocked: wasPowered=false, mIsPowered=false, oldPlugType=0, mPlugType=0, mBatteryLevel=23
03-17 16:16:02.897  2227  2227 D KeyguardUpdateMonitor: received broadcast android.intent.action.BATTERY_CHANGED
03-17 16:16:02.897  2227  2227 W KeyguardUpdateMonitor: ACTION_BATTERY_CHANGED AMP: 0; Volt: 0
03-17 16:16:02.898  1702  1702 I DeviceIdleController: updateChargingLocked: charging=false
03-17 16:16:02.899  1702  1702 D WifiService: onReceive, action:android.intent.action.BATTERY_CHANGED
03-17 16:16:02.899  1702  1702 D WifiService: ACTION_BATTERY_CHANGED pluggedType: 0
03-17 16:16:02.899  1702  2121 D WifiController: ApStaDisabledState what=155652
03-17 16:16:02.899  1702  2121 D WifiController: DefaultState what=155652
03-17 16:16:02.899  1702  2121 D WifiController: battery changed pluggedType: 0
03-17 16:16:02.899  2227  2227 V KeyguardUpdateMonitor: RefreshBatteryInfo isBatteryLow: 23
03-17 16:16:02.899  2227  2227 W KeyguardUpdateMonitor: ChargingSpeed  Wattage: -1 ST: 5000000 --> 7500000
03-17 16:16:02.899  2227  2227 D KeyguardUpdateMonitor: handleBatteryUpdate
03-17 16:16:02.900  2227  2227 V KeyguardUpdateMonitor: RefreshBatteryInfo isBatteryLow: 23
03-17 16:16:02.903  1702  2618 D PowerManagerService: ready=true,policy=3,wakefulness=1,wksummary=0x1,uasummary=0x1,bootcompleted=true,boostinprogress=false,waitmodeenable=false,mode=false,manual=38,auto=-1,adj=0.0userId=0
03-17 16:16:02.928  1702 27365 D PowerManagerService: ready=true,policy=3,wakefulness=1,wksummary=0x1,uasummary=0x1,bootcompleted=true,boostinprogress=false,waitmodeenable=false,mode=false,manual=38,auto=-1,adj=0.0userId=0
03-17 16:16:03.001  2227  2227 V PhoneStatusBar: setLightsOn(true)
03-17 16:16:03.002  2227  2227 I PhoneStatusBar: setSystemUiVisibility vis=0 mask=1 oldVal=40000500 newVal=40000500 diff=0 fullscreenStackVis=0 dockedStackVis=0, fullscreenStackBounds=Rect(0, 0 - 0, 0), dockedStackBounds=Rect(0, 0 - 0, 0)
03-17 16:16:03.104  1702  1820 I DisplayPowerController: HBM brightnessIn =38
03-17 16:16:03.104  1702  1820 I DisplayPowerController: HBM brightnessOut =38
03-17 16:16:03.104  1702  1820 D DisplayPowerController: Animating brightness: target=38, rate=200
03-17 16:16:03.351  1702  8303 D PowerManagerService: release:lock=149977903, flg=0x0, tag="AudioMix", name=audioserver", ws=null, uid=1041, pid=0
03-17 16:16:03.352  1702  8303 D PowerManagerService: ready=true,policy=3,wakefulness=1,wksummary=0x1,uasummary=0x1,bootcompleted=true,boostinprogress=false,waitmodeenable=false,mode=false,manual=38,auto=-1,adj=0.0userId=0
03-17 16:16:03.352  1702  3693 D PowerManagerService: release:lock=155645244, flg=0x0, tag="AudioMix", name=audioserver", ws=null, uid=1041, pid=0
03-17 16:16:03.354  1702  3693 D PowerManagerService: ready=true,policy=3,wakefulness=1,wksummary=0x1,uasummary=0x1,bootcompleted=true,boostinprogress=false,waitmodeenable=false,mode=false,manual=38,auto=-1,adj=0.0userId=0
03-17 16:16:03.354  1702 27353 D PowerManagerService: release:lock=191063310, flg=0x0, tag="AudioMix", name=audioserver", ws=null, uid=1041, pid=0
03-17 16:16:03.355  1702 27353 D PowerManagerService: ready=true,policy=3,wakefulness=1,wksummary=0x1,uasummary=0x1,bootcompleted=true,boostinprogress=false,waitmodeenable=false,mode=false,manual=38,auto=-1,adj=0.0userId=0
03-17 16:16:03.360  1702 17622 D PowerManagerService: release:lock=173466309, flg=0x0, tag="AudioMix", name=audioserver", ws=null, uid=1041, pid=0
03-17 16:16:03.361  1702 17622 D PowerManagerService: ready=true,policy=3,wakefulness=1,wksummary=0x0,uasummary=0x1,bootcompleted=true,boostinprogress=false,waitmodeenable=false,mode=false,manual=38,auto=-1,adj=0.0userId=0
03-17 16:16:03.361  1702 17622 D PowerManagerService: Releasing suspend blocker "PowerManagerService.WakeLocks".
03-17 16:16:03.405  1702  1820 I DisplayPowerController: HBM brightnessIn =38
03-17 16:16:03.405  1702  1820 I DisplayPowerController: HBM brightnessOut =38
03-17 16:16:03.405  1702  1820 D DisplayPowerController: Animating brightness: target=38, rate=200
03-17 16:16:03.671  1702 17621 W ActivityManager: getRunningAppProcesses: caller 10091 does not hold REAL_GET_TASKS; limiting output
03-17 16:16:03.691  1702 10454 W ActivityManager: getRunningAppProcesses: caller 10091 does not hold REAL_GET_TASKS; limiting output
03-17 16:16:03.707  1702  1820 I DisplayPowerController: HBM brightnessIn =38
03-17 16:16:03.707  1702  1820 I DisplayPowerController: HBM brightnessOut =38
03-17 16:16:03.707  1702  1820 D DisplayPowerController: Animating brightness: target=38, rate=200
03-17 16:16:04.094  1702  2105 D PowerManagerService: userActivityNoUpdateLocked: eventTime=261988728, event=2, flags=0x0, uid=1000
03-17 16:16:04.095  1702  2105 D PowerManagerService: ready=true,policy=3,wakefulness=1,wksummary=0x0,uasummary=0x1,bootcompleted=true,boostinprogress=false,waitmodeenable=false,mode=false,manual=38,auto=-1,adj=0.0userId=0
03-17 16:16:04.100  2227  2227 I PhoneStatusBar: suspendAutohide
03-17 16:16:04.105  1702 27353 D WindowManager: interceptKeyTq keycode=3 interactive=true keyguardActive=false policyFlags=2b000002 down true canceled false
03-17 16:16:04.105  1702 27353 D WindowManager: interceptKeyBeforeQueueing: key 3 , result : 1
03-17 16:16:04.106  1702  2105 D PowerManagerService: userActivityNoUpdateLocked: eventTime=261988739, event=1, flags=0x0, uid=1000
03-17 16:16:04.107  1702  2105 D PowerManagerService: ready=true,policy=3,wakefulness=1,wksummary=0x0,uasummary=0x1,bootcompleted=true,boostinprogress=false,waitmodeenable=false,mode=false,manual=38,auto=-1,adj=0.0userId=0
03-17 16:16:04.161  2227  2227 I PhoneStatusBar: resumeSuspendedAutohide
03-17 16:16:04.162  1702 17621 D PowerManagerService: userActivityNoUpdateLocked: eventTime=261988799, event=0, flags=0x0, uid=1000
03-17 16:16:04.163  1702 17621 D PowerManagerService: ready=true,policy=3,wakefulness=1,wksummary=0x0,uasummary=0x1,bootcompleted=true,boostinprogress=false,waitmodeenable=false,mode=false,manual=38,auto=-1,adj=0.0userId=0
03-17 16:16:04.165  1702 10454 D WindowManager: interceptKeyTq keycode=3 interactive=true keyguardActive=false policyFlags=2b000002 down false canceled false
03-17 16:16:04.165  1702 10454 D WindowManager: interceptKeyBeforeQueueing: key 3 , result : 1
03-17 16:16:04.165  2227  2318 V AudioManager: querySoundEffectsEnabled...
03-17 16:16:04.185  1702  2105 D PowerManagerService: userActivityNoUpdateLocked: eventTime=261988822, event=0, flags=0x0, uid=1000
03-17 16:16:04.186  1702  2105 D PowerManagerService: ready=true,policy=3,wakefulness=1,wksummary=0x0,uasummary=0x1,bootcompleted=true,boostinprogress=false,waitmodeenable=false,mode=false,manual=38,auto=-1,adj=0.0userId=0
03-17 16:16:04.189  2227  2227 I PhoneStatusBar: animateCollapsePanels:flags=0, force=false, delayed=false, mExpandedVisible=false
03-17 16:16:04.189  2227  2227 I PanelView: closeQs
03-17 16:16:04.190  2227  2227 I PanelView: cancelPeek: false
03-17 16:16:04.190  2227  2227 I PanelView: instantCollapse
03-17 16:16:04.190  2227  2227 I PanelView: cancelPeek: false
03-17 16:16:04.205  2227  2227 V PhoneStatusBar: setLightsOn(true)
03-17 16:16:04.205  2227  2227 I PhoneStatusBar: setSystemUiVisibility vis=0 mask=1 oldVal=40000500 newVal=40000500 diff=0 fullscreenStackVis=0 dockedStackVis=0, fullscreenStackBounds=Rect(0, 0 - 0, 0), dockedStackBounds=Rect(0, 0 - 0, 0)
03-17 16:16:04.208  1702  2105 D PowerManagerService: acquire lock=189667585, flags=0x1, tag="*launch*", name=android, ws=WorkSource{10057}, uid=1000, pid=1702
03-17 16:16:04.209  1702  2105 D PowerManagerService: ready=true,policy=3,wakefulness=1,wksummary=0x1,uasummary=0x1,bootcompleted=true,boostinprogress=false,waitmodeenable=false,mode=false,manual=38,auto=-1,adj=0.0userId=0
03-17 16:16:04.209  1702  2105 D PowerManagerService: Acquiring suspend blocker "PowerManagerService.WakeLocks".
03-17 16:16:04.212  2227  2227 V PhoneStatusBar: setLightsOn(true)
03-17 16:16:04.213  2227  2227 I PhoneStatusBar: setSystemUiVisibility vis=0 mask=1 oldVal=40000500 newVal=40000500 diff=0 fullscreenStackVis=0 dockedStackVis=0, fullscreenStackBounds=Rect(0, 0 - 0, 0), dockedStackBounds=Rect(0, 0 - 0, 0)
03-17 16:16:04.223  2227  2227 V PhoneStatusBar: setLightsOn(true)