03-17 16:15:29.173  2626  2643 I PhoneInterfaceManager: shouldBlockLocation  ret:false
03-17 16:15:29.392  1702  1820 I DisplayPowerController: HBM brightnessIn =38
03-17 16:15:29.392  1702  1820 I DisplayPowerController: HBM brightnessOut =38
03-17 16:15:29.392  1702  1820 D DisplayPowerController: Animating brightness: target=38, rate=200
03-17 16:15:29.694  1702  1820 I DisplayPowerController: HBM brightnessIn =38
03-17 16:15:29.694  1702  1820 I DisplayPowerController: HBM brightnessOut =38
03-17 16:15:29.694  1702  1820 D DisplayPowerController: Animating brightness: target=38, rate=200
03-17 16:15:29.995  1702  1820 I DisplayPowerController: HBM brightnessIn =38
03-17 16:15:29.995  1702  1820 I DisplayPowerController: HBM brightnessOut =38
03-17 16:15:29.995  1702  1820 D DisplayPowerController: Animating brightness: target=38, rate=200
03-17 16:15:30.026  1702  3694 W ActivityManager: getTasks: caller 10111 does not hold REAL_GET_TASKS; limiting output
03-17 16:15:30.297  1702  1820 I DisplayPowerController: HBM brightnessIn =38
03-17 16:15:30.297  1702  1820 I DisplayPowerController: HBM brightnessOut =38
03-17 16:15:30.297  1702  1820 D DisplayPowerController: Animating brightness: target=38, rate=200
03-17 16:15:30.599  1702  1820 I DisplayPowerController: HBM brightnessIn =38
03-17 16:15:30.599  1702  1820 I DisplayPowerController: HBM brightnessOut =38
03-17 16:15:30.599  1702  1820 D DisplayPowerController: Animating brightness: target=38, rate=200
03-17 16:15:30.902  1702  1820 I DisplayPowerController: HBM brightnessIn =38
03-17 16:15:30.903  1702  1820 I DisplayPowerController: HBM brightnessOut =38
03-17 16:15:30.903  1702  1820 D DisplayPowerController: Animating brightness: target=38, rate=200
03-17 16:15:31.202  1702  1820 I DisplayPowerController: HBM brightnessIn =38
03-17 16:15:31.202  1702  1820 I DisplayPowerController: HBM brightnessOut =38
03-17 16:15:31.202  1702  1820 D DisplayPowerController: Animating brightness: target=38, rate=200
03-17 16:15:32.289  1702  3693 W ActivityManager: getTasks: caller 10111 does not hold REAL_GET_TASKS; limiting output
03-17 16:15:33.396  1702  2558 I NotificationManager: cancelNotificationWithTag pid 28601,uid = 10111,tag = null,pkg =com.tencent.mobileqq,id =121
03-17 16:15:33.396  1702  1702 I NotificationManager: cancelNotification,index:-1
03-17 16:15:33.398  1702  3137 I NotificationManager: cancelNotificationWithTag pid 28601,uid = 10111,tag = null,pkg =com.tencent.mobileqq,id =119
03-17 16:15:33.398  1702  1702 I NotificationManager: cancelNotification,index:-1
03-17 16:15:33.419  1702  8290 I NotificationManager: enqueueNotificationInternal: pkg=com.tencent.mobileqq id=121 notification=Notification(pri=1 contentView=null vibrate=[100] sound=null tick defaults=0x0 flags=0x11 color=0x00000000 vis=PRIVATE)
03-17 16:15:33.424  1702  1702 I NotificationManager: enqueueNotificationInternal: n.getKey = 0|com.tencent.mobileqq|121|null|10111
03-17 16:15:33.426 28601 29239 V AudioManager: getRingerMode...
03-17 16:15:33.427  1702  1702 I NotificationManager: updateLightsLocked,mInCall =false,mScreenOn = true,ledNotification == null?false
03-17 16:15:33.427  1702  1702 I NotificationManager: updateLightsLocked,turn off notificationLight
03-17 16:15:33.438  2227  2227 I PhoneStatusBar: addNotification key=0|com.tencent.mobileqq|121|null|10111
03-17 16:15:33.524  2227  2227 I PanelView: mHeadsUpExistenceChangedRunnable
03-17 16:15:33.527  2227  2227 D PhoneStatusBar: disable: 
03-17 16:15:33.527  2227  2227 I PhoneStatusBar: suspendAutohide
03-17 16:15:33.529  2227  2227 I PhoneStatusBar: updateNotificationShade: total=0, active=0
03-17 16:15:33.529  2227  2227 I PhoneStatusBar: removeNotificationChildren
03-17 16:15:33.530  2227  2227 I PhoneStatusBar: updateNotificationShade: total=1, active=1
03-17 16:15:33.530  2227  2227 I PhoneStatusBar: removeNotificationChildren
03-17 16:15:33.530  1702  2113 I NotificationManager: Marking notification as seen 0|com.tencent.mobileqq|121|null|10111
03-17 16:15:33.533  1702 17621 I NotificationManager: onNotificationExpansionChanged called
03-17 16:15:33.554  2227  2227 I StackScrollAlgorithm: updateClipping isOverlap:false, getTopPadding=333.0, Translation=-429.0
03-17 16:15:33.554  2227  2227 I StackScrollAlgorithm: updateDimmedActivatedHideSensitive overlap:false
03-17 16:15:33.652  2227  2227 I StackScrollAlgorithm: updateClipping isOverlap:false, getTopPadding=333.0, Translation=-497.0
03-17 16:15:33.652  2227  2227 I StackScrollAlgorithm: updateDimmedActivatedHideSensitive overlap:false
03-17 16:15:33.691  1702  1736 W ActivityManager: getRunningAppProcesses: caller 10091 does not hold REAL_GET_TASKS; limiting output
03-17 16:15:34.294  2227  2227 I StackScrollAlgorithm: updateClipping isOverlap:false, getTopPadding=333.0, Translation=-497.0
03-17 16:15:34.294  2227  2227 I StackScrollAlgorithm: updateDimmedActivatedHideSensitive overlap:false
03-17 16:15:34.297  2227  2318 I PhoneStatusBar: logNotificationVisibilityChanges runInThread start
03-17 16:15:34.298  1702 14640 I NotificationManager: onNotificationVisibilityChanged called
03-17 16:15:34.299  2227  2318 I PhoneStatusBar: logNotificationVisibilityChanges runInThread over
03-17 16:15:35.413  1702  1820 I DisplayPowerController: HBM brightnessIn =38
03-17 16:15:35.414  1702  1820 I DisplayPowerController: HBM brightnessOut =38
03-17 16:15:35.414  1702  1820 D DisplayPowerController: Animating brightness: target=38, rate=200
03-17 16:15:36.842  1702  2105 D PowerManagerService: userActivityNoUpdateLocked: eventTime=261961476, event=2, flags=0x0, uid=1000
03-17 16:15:36.843  1702  2105 D PowerManagerService: ready=true,policy=3,wakefulness=1,wksummary=0x0,uasummary=0x1,bootcompleted=true,boostinprogress=false,waitmodeenable=false,mode=false,manual=38,auto=-1,adj=0.0userId=0
03-17 16:15:36.912  3714  3714 V AudioManager: playSoundEffect   effectType: 0
03-17 16:15:36.912  3714  3714 V AudioManager: querySoundEffectsEnabled...
03-17 16:15:36.921  1702  2113 I ActivityManager: START u0 {act=android.intent.action.MAIN cat=[android.intent.category.LAUNCHER] flg=0x10200000 cmp=com.example.android.notepad/.NotePadActivity bnds=[8,820][184,1011]} from uid 10057 on display 0
03-17 16:15:36.922  1702  2113 I ActivityManager: ActivityRecord info: ActivityInfo{f39182 com.example.android.notepad.NotePadActivity}, euid: 0
03-17 16:15:36.937  1702  2113 D PowerManagerService: acquire lock=189667585, flags=0x1, tag="*launch*", name=android, ws=WorkSource{10020}, uid=1000, pid=1702
03-17 16:15:36.937  1702  2113 D PowerManagerService: ready=true,policy=3,wakefulness=1,wksummary=0x1,uasummary=0x1,bootcompleted=true,boostinprogress=false,waitmodeenable=false,mode=false,manual=38,auto=-1,adj=0.0userId=0
03-17 16:15:36.938  1702  2113 D PowerManagerService: Acquiring suspend blocker "PowerManagerService.WakeLocks".
03-17 16:15:37.011  1702  8303 I WindowManager: rotationForOrientationLw(orient=-1, last=0); user=0 USER_ROTATION_LOCKED
03-17 16:15:37.011  1702  8303 I WindowManager: Application requested orientation -1, got rotation 0 which has compatible metrics
03-17 16:15:37.077  1702 14638 I WindowManager: The change in focus caused us to need to do a layout begin
03-17 16:15:37.077  1702 14638 I WindowManager: The change in focus caused us to need to do a layout end
03-17 16:15:37.078  2227  2227 I PhoneStatusBar: setSystemUiVisibility vis=80000608 mask=ffffffff oldVal=c0000700 newVal=80000608 diff=40000108 fullscreenStackVis=0 dockedStackVis=0, fullscreenStackBounds=Rect(0, 0 - 720, 1280), dockedStackBounds=Rect(0, 0 - 0, 0)
03-17 16:15:37.079  2227  2227 I PhoneStatusBar: cancelAutohide
03-17 16:15:37.079  2227  2227 I PhoneStatusBar: notifyUiVisibilityChanged:vis=0x80000608, SystemUiVisibility=0x80000608
03-17 16:15:37.138  1702 10454 D ActivityManager: Skipping, withExcluded: false, tr.intent:Intent { flg=0x10804000 cmp=com.android.systemui/.recents.RecentsActivity bnds=[264,444][920,908] }
03-17 16:15:37.138  1702 10454 D ActivityManager: Skipping, withExcluded: false, tr.intent:Intent { act=android.intent.action.MAIN flg=0x10840000 cmp=com.android.incallui/.InCallActivity (has extras) }
03-17 16:15:37.138  1702 10454 D ActivityManager: Skipping, withExcluded: false, tr.intent:Intent { flg=0x18800000 cmp=com.tencent.mm/.plugin.base.stub.WXEntryActivity (has extras) }
03-17 16:15:37.138  1702 10454 D ActivityManager: Skipping, withExcluded: false, tr.intent:Intent { flg=0x10800000 cmp=com.tencent.qqmusic/.business.lockscreen.LockScreenActivity (has extras) }
03-17 16:15:37.138  1702 10454 D ActivityManager: Skipping, withExcluded: false, tr.intent:Intent { act=com.android.contacts.action.CHOOSE_SUB dat=tel:xxxxxxxxxxx flg=0x10808000 cmp=com.android.contacts/.ChooseSubActivity (has extras) }
03-17 16:15:37.138  1702 10454 D ActivityManager: Skipping, withExcluded: false, tr.intent:Intent { act=android.intent.action.VIEW dat=file:///storage/emulated/0/Tencent/QQfile_recv/b.apk typ=application/vnd.android.package-archive flg=0x10800000 cmp=com.android.packageinstaller/.PackageInstallerActivity (has extras) }
03-17 16:15:37.138  1702 10454 D ActivityManager: getRecentTasks: num=20,flags=62,totalTasks=46
03-17 16:15:37.139  1702 10454 D ActivityManager: getRecentTasks: topActivity=ComponentInfo{com.example.android.notepad/com.example.android.notepad.NoteEditor}