03-17 16:15:26.328  2227  2227 I PhoneStatusBar: setSystemUiVisibility vis=0 mask=1 oldVal=40000500 newVal=40000500 diff=0 fullscreenStackVis=0 dockedStackVis=0, fullscreenStackBounds=Rect(0, 0 - 0, 0), dockedStackBounds=Rect(0, 0 - 0, 0)
03-17 16:15:26.375  1702  1820 I DisplayPowerController: HBM brightnessIn =38
03-17 16:15:26.375  1702  1820 I DisplayPowerController: HBM brightnessOut =38
03-17 16:15:26.375  1702  1820 D DisplayPowerController: Animating brightness: target=38, rate=200
03-17 16:15:26.376  1702 14640 I WindowManager: Taking screenshot from Surface with crop:[Rect(0, 48 - 720, 1208)], width:[432], height:[696], minLayer:[21000], maxLayer:[21080], inRotation:[false], rot:[0]
03-17 16:15:26.462  1702  8303 I WindowManager: The change in focus caused us to need to do a layout begin
03-17 16:15:26.462  1702  8303 I WindowManager: The change in focus caused us to need to do a layout end
03-17 16:15:26.466  2227  2227 I PhoneStatusBar: setSystemUiVisibility vis=708 mask=ffffffff oldVal=40000500 newVal=708 diff=40000208 fullscreenStackVis=0 dockedStackVis=0, fullscreenStackBounds=Rect(0, 0 - 720, 1280), dockedStackBounds=Rect(0, 0 - 0, 0)
03-17 16:15:26.467  2227  2227 I PhoneStatusBar: cancelAutohide
03-17 16:15:26.467  2227  2227 I PhoneStatusBar: notifyUiVisibilityChanged:vis=0x708, SystemUiVisibility=0x708
03-17 16:15:26.475  2227  2227 I StackScrollAlgorithm: updateClipping isOverlap:false, getTopPadding=333.0, Translation=0.0
03-17 16:15:26.475  2227  2227 I StackScrollAlgorithm: updateDimmedActivatedHideSensitive overlap:false
03-17 16:15:26.530  1702  2639 D ActivityManager: Skipping, withExcluded: false, tr.intent:Intent { flg=0x10804000 cmp=com.android.systemui/.recents.RecentsActivity bnds=[264,444][920,908] }
03-17 16:15:26.530  1702  2639 D ActivityManager: Skipping, withExcluded: false, tr.intent:Intent { act=android.intent.action.MAIN flg=0x10840000 cmp=com.android.incallui/.InCallActivity (has extras) }
03-17 16:15:26.530  1702  2639 D ActivityManager: Skipping, withExcluded: false, tr.intent:Intent { flg=0x18800000 cmp=com.tencent.mm/.plugin.base.stub.WXEntryActivity (has extras) }
03-17 16:15:26.530  1702  2639 D ActivityManager: Skipping, withExcluded: false, tr.intent:Intent { flg=0x10800000 cmp=com.tencent.qqmusic/.business.lockscreen.LockScreenActivity (has extras) }
03-17 16:15:26.530  1702  2639 D ActivityManager: Skipping, withExcluded: false, tr.intent:Intent { act=com.android.contacts.action.CHOOSE_SUB dat=tel:xxxxxxxxxxx flg=0x10808000 cmp=com.android.contacts/.ChooseSubActivity (has extras) }
03-17 16:15:26.530  1702  2639 D ActivityManager: Skipping, withExcluded: false, tr.intent:Intent { act=android.intent.action.VIEW dat=file:///storage/emulated/0/Tencent/QQfile_recv/b.apk typ=application/vnd.android.package-archive flg=0x10800000 cmp=com.android.packageinstaller/.PackageInstallerActivity (has extras) }
03-17 16:15:26.530  1702  2639 D ActivityManager: getRecentTasks: num=20,flags=62,totalTasks=46
03-17 16:15:26.531  1702  2639 D ActivityManager: getRecentTasks: topActivity=ComponentInfo{com.tencent.mobileqq/com.tencent.mobileqq.activity.SplashActivity}
03-17 16:15:26.542  1702 17630 D ActivityManager: Skipping, withExcluded: false, tr.intent:Intent { flg=0x10804000 cmp=com.android.systemui/.recents.RecentsActivity bnds=[264,444][920,908] }
03-17 16:15:26.542  1702 17630 D ActivityManager: Skipping, withExcluded: false, tr.intent:Intent { act=android.intent.action.MAIN flg=0x10840000 cmp=com.android.incallui/.InCallActivity (has extras) }
03-17 16:15:26.542  1702 17630 D ActivityManager: Skipping, withExcluded: false, tr.intent:Intent { flg=0x18800000 cmp=com.tencent.mm/.plugin.base.stub.WXEntryActivity (has extras) }
03-17 16:15:26.542  1702 17630 D ActivityManager: getRecentTasks: num=10,flags=62,totalTasks=46
03-17 16:15:26.542  1702 17630 D ActivityManager: getRecentTasks: topActivity=ComponentInfo{com.tencent.mobileqq/com.tencent.mobileqq.activity.SplashActivity}
03-17 16:15:26.577  2227  2227 I PhoneStatusBar: setSystemUiVisibility vis=c0000700 mask=ffffffff oldVal=708 newVal=c0000700 diff=c0000008 fullscreenStackVis=0 dockedStackVis=0, fullscreenStackBounds=Rect(0, 0 - 720, 1280), dockedStackBounds=Rect(0, 0 - 0, 0)
03-17 16:15:26.577  2227  2227 I PhoneStatusBar: cancelAutohide
03-17 16:15:26.577  2227  2227 I PhoneStatusBar: notifyUiVisibilityChanged:vis=0xc0000700, SystemUiVisibility=0xc0000700
03-17 16:15:26.618  1702 17630 D PowerManagerService: release:lock=189667585, flg=0x0, tag="*launch*", name=android", ws=WorkSource{10057}, uid=1000, pid=1702
03-17 16:15:26.619  1702 17630 D PowerManagerService: ready=true,policy=3,wakefulness=1,wksummary=0x0,uasummary=0x1,bootcompleted=true,boostinprogress=false,waitmodeenable=false,mode=false,manual=38,auto=-1,adj=0.0userId=0
03-17 16:15:26.619  1702 17630 D PowerManagerService: Releasing suspend blocker "PowerManagerService.WakeLocks".
03-17 16:15:26.698  2626  3848 W PhoneInterfaceManager: shouldBlockLocation running ...
03-17 16:15:26.698  2626  3848 I PhoneInterfaceManager: shouldBlockLocation  ret:false
03-17 16:15:26.746  1702 17632 W ActivityManager: getRunningAppProcesses: caller 10027 does not hold REAL_GET_TASKS; limiting output
03-17 16:15:26.888  1702  1737 W ActivityManager: getTasks: caller 10111 does not hold REAL_GET_TASKS; limiting output
03-17 16:15:26.889  1702  2644 D ActivityManager: ActivityManagerService,attachApplication,callingPid = 13094
03-17 16:15:26.900  1702 14638 W ActivityManager: getTasks: caller 10111 does not hold REAL_GET_TASKS; limiting output
03-17 16:15:26.920  2626  2839 W PhoneInterfaceManager: shouldBlockLocation running ...
03-17 16:15:26.920  2626  2839 I PhoneInterfaceManager: shouldBlockLocation  ret:false
03-17 16:15:26.946  1702  2558 I WindowManager: Destroying surface Surface(name=com.tencent.mobileqq/com.tencent.mobileqq.activity.SplashActivity) called by com.android.server.wm.WindowStateAnimator.destroySurface:2060 com.android.server.wm.WindowStateAnimator.destroySurfaceLocked:913 com.android.server.wm.WindowState.destroyOrSaveSurface:2201 com.android.server.wm.AppWindowToken.destroySurfaces:374 com.android.server.wm.AppWindowToken.notifyAppStopped:400 com.android.server.wm.WindowManagerService.notifyAppStopped:4869 com.android.server.am.ActivityStack.activityStoppedLocked:1393 com.android.server.am.ActivityManagerService.activityStopped:7690 
03-17 16:15:26.979  1702  2250 W ActivityManager: getRunningAppProcesses: caller 10111 does not hold REAL_GET_TASKS; limiting output
03-17 16:15:27.005  1702  2556 W ActivityManager: getRunningAppProcesses: caller 10027 does not hold REAL_GET_TASKS; limiting output
03-17 16:15:27.025  1702  1737 W ActivityManager: getRunningAppProcesses: caller 10027 does not hold REAL_GET_TASKS; limiting output
03-17 16:15:27.039  1702  2395 W ActivityManager: getRunningAppProcesses: caller 10027 does not hold REAL_GET_TASKS; limiting output
03-17 16:15:27.175  2626  2809 W PhoneInterfaceManager: shouldBlockLocation running ...
03-17 16:15:27.175  2626  2809 I PhoneInterfaceManager: shouldBlockLocation  ret:false
03-17 16:15:27.179  1702  3137 D PowerManagerService: ready=true,policy=3,wakefulness=1,wksummary=0x1,uasummary=0x1,bootcompleted=true,boostinprogress=false,waitmodeenable=false,mode=false,manual=38,auto=-1,adj=0.0userId=0
03-17 16:15:27.179  1702  3137 D PowerManagerService: Acquiring suspend blocker "PowerManagerService.WakeLocks".
03-17 16:15:27.188  1702 17630 D PowerManagerService: ready=true,policy=3,wakefulness=1,wksummary=0x0,uasummary=0x1,bootcompleted=true,boostinprogress=false,waitmodeenable=false,mode=false,manual=38,auto=-1,adj=0.0userId=0
03-17 16:15:27.188  1702 17630 D PowerManagerService: Releasing suspend blocker "PowerManagerService.WakeLocks".
03-17 16:15:27.189  1702  3693 D PowerManagerService: ready=true,policy=3,wakefulness=1,wksummary=0x1,uasummary=0x1,bootcompleted=true,boostinprogress=false,waitmodeenable=false,mode=false,manual=38,auto=-1,adj=0.0userId=0
03-17 16:15:27.190  1702  3693 D PowerManagerService: Acquiring suspend blocker "PowerManagerService.WakeLocks".
03-17 16:15:27.198  1702 17632 D PowerManagerService: ready=true,policy=3,wakefulness=1,wksummary=0x0,uasummary=0x1,bootcompleted=true,boostinprogress=false,waitmodeenable=false,mode=false,manual=38,auto=-1,adj=0.0userId=0
03-17 16:15:27.198  1702 17632 D PowerManagerService: Releasing suspend blocker "PowerManagerService.WakeLocks".
03-17 16:15:27.236  2626  2838 W PhoneInterfaceManager: shouldBlockLocation running ...
03-17 16:15:27.237  2626  2838 I PhoneInterfaceManager: shouldBlockLocation  ret:false
03-17 16:15:27.269  1702  1737 W ActivityManager: getRunningAppProcesses: caller 10027 does not hold REAL_GET_TASKS; limiting output
03-17 16:15:27.270  1702  2558 W ActivityManager: getRunningAppProcesses: caller 10027 does not hold REAL_GET_TASKS; limiting output
03-17 16:15:27.283  2626  8682 W PhoneInterfaceManager: shouldBlockLocation running ...
03-17 16:15:27.284  2626  8682 I PhoneInterfaceManager: shouldBlockLocation  ret:false
03-17 16:15:27.305  2626  2808 W PhoneInterfaceManager: shouldBlockLocation running ...
03-17 16:15:27.305  2626  2808 I PhoneInterfaceManager: shouldBlockLocation  ret:false
03-17 16:15:27.628  1702  2107 W ActivityManager: getRunningAppProcesses: caller 10027 does not hold REAL_GET_TASKS; limiting output
03-17 16:15:27.828  1702  2107 I DisplayManagerService: stopWifiDisplayScanLocked record.mWifiDisplayScanRequested=false
03-17 16:15:27.828  1702  2107 I DisplayManagerService: stopWifiDisplayScanLocked mWifiDisplayScanRequestCount=0
03-17 16:15:27.829  1702 27365 D ActivityManager: cleanUpApplicationRecord -- 13094
03-17 16:15:27.830  1702 27365 I ActivityManager: cleanUpApplicationRecordLocked, pid: 13094, restart: false
03-17 16:15:27.830  1702 27365 I ActivityManager: cleanUpApplicationRecordLocked, reset pid: 13094, euid: 0
03-17 16:15:28.099  2626  8682 W PhoneInterfaceManager: shouldBlockLocation running ...
03-17 16:15:28.100  2626  8682 I PhoneInterfaceManager: shouldBlockLocation  ret:false
03-17 16:15:28.488  1702  1820 I DisplayPowerController: HBM brightnessIn =38
03-17 16:15:28.489  1702  1820 I DisplayPowerController: HBM brightnessOut =38
03-17 16:15:28.489  1702  1820 D DisplayPowerController: Animating brightness: target=38, rate=200
03-17 16:15:28.790  1702  1820 I DisplayPowerController: HBM brightnessIn =38
03-17 16:15:28.790  1702  1820 I DisplayPowerController: HBM brightnessOut =38
03-17 16:15:28.790  1702  1820 D DisplayPowerController: Animating brightness: target=38, rate=200
03-17 16:15:29.091  1702  1820 I DisplayPowerController: HBM brightnessIn =38
03-17 16:15:29.091  1702  1820 I DisplayPowerController: HBM brightnessOut =38
03-17 16:15:29.091  1702  1820 D DisplayPowerController: Animating brightness: target=38, rate=200
03-17 16:15:29.173  2626  2643 W PhoneInterfaceManager: shouldBlockLocation running ...