125.70.0.210 - - [13/Jun/2017:14:02:15 +0800] "GET /assets/img/rzy/loading.gif HTTP/1.1" 200 3477 "https://www.rizhiyi.com/register/" "Mozilla/5.0 (Windows NT 6.1; WOW64; rv:53.0) Gecko/20100101 Firefox/53.0" "-" 0.000 -
182.86.70.54 - - [13/Jun/2017:14:02:19 +0800] "POST /report HTTP/1.1" 200 52 "https://jw.u.rizhiyi.com/auth/login/" "Mozilla/5.0 (Windows NT 6.1; WOW64) AppleWebKit/537.36 (KHTML, like Gecko) Chrome/45.0.2454.101 Safari/537.36" "-" 0.002 0.002
66.249.64.201 - - [13/Jun/2017:14:02:24 +0800] "GET /docs/import/directagent/ HTTP/1.1" 200 3661 "-" "Mozilla/5.0 (Linux; Android 6.0.1; Nexus 5X Build/MMB29P) AppleWebKit/537.36 (KHTML, like Gecko) Chrome/41.0.2272.96 Mobile Safari/537.36 (compatible; Googlebot/2.1; +http://www.google.com/bot.html)" "-" 0.000 -
117.136.67.173 - - [13/Jun/2017:14:02:28 +0800] "GET /assets/img/rzy/customer-logos-2x.png HTTP/1.1" 200 759713 "https://www.rizhiyi.com/" "Mozilla/5.0 (iPhone; CPU iPhone OS 10_3_2 like Mac OS X) AppleWebKit/603.2.4 (KHTML, like Gecko) Version/10.0 Mobile/14F89 Safari/602.1" "-" 33.619 -
125.70.0.210 - - [13/Jun/2017:14:02:31 +0800] "GET /products/howtowork/ HTTP/1.1" 200 3832 "https://www.rizhiyi.com/register/" "Mozilla/5.0 (Windows NT 6.1; WOW64; rv:53.0) Gecko/20100101 Firefox/53.0" "-" 0.000 -
27.211.239.0 - - [13/Jun/2017:14:02:31 +0800] "GET / HTTP/1.1" 302 154 "https://www.baidu.com/link?url=7Ve8NHSAkTJyO6KojWtwqM0fjPwCNUPqYF5N1QhKpmP6H4Xjajy9HX54vK6dm2Gw&wd=&eqid=8b8c8f170000b61100000006593f7ff5" "Mozilla/5.0 (Windows NT 10.0; WOW64) AppleWebKit/537.36 (KHTML, like Gecko) Chrome/45.0.2454.101 Safari/537.36" "-" 0.000 -
125.70.0.210 - - [13/Jun/2017:14:02:32 +0800] "GET /assets/js/site.js HTTP/1.1" 200 796 "https://www.rizhiyi.com/products/howtowork/" "Mozilla/5.0 (Windows NT 6.1; WOW64; rv:53.0) Gecko/20100101 Firefox/53.0" "-" 0.000 -
27.211.239.0 - - [13/Jun/2017:14:02:32 +0800] "GET / HTTP/1.1" 200 6474 "https://www.baidu.com/link?url=7Ve8NHSAkTJyO6KojWtwqM0fjPwCNUPqYF5N1QhKpmP6H4Xjajy9HX54vK6dm2Gw&wd=&eqid=8b8c8f170000b61100000006593f7ff5" "Mozilla/5.0 (Windows NT 10.0; WOW64) AppleWebKit/537.36 (KHTML, like Gecko) Chrome/45.0.2454.101 Safari/537.36" "-" 0.000 -
125.70.0.210 - - [13/Jun/2017:14:02:32 +0800] "GET /assets/img/rzy/production/subnav_bg.png HTTP/1.1" 200 1736 "https://www.rizhiyi.com/assets/css/site.css?2" "Mozilla/5.0 (Windows NT 6.1; WOW64; rv:53.0) Gecko/20100101 Firefox/53.0" "-" 0.000 -
27.211.239.0 - - [13/Jun/2017:14:02:32 +0800] "GET /assets/css/site.css?2 HTTP/1.1" 200 35595 "https://www.rizhiyi.com/" "Mozilla/5.0 (Windows NT 10.0; WOW64) AppleWebKit/537.36 (KHTML, like Gecko) Chrome/45.0.2454.101 Safari/537.36" "-" 0.000 -
27.211.239.0 - - [13/Jun/2017:14:02:32 +0800] "GET /assets/js/jquery-2.1.1.min.js HTTP/1.1" 200 29495 "https://www.rizhiyi.com/" "Mozilla/5.0 (Windows NT 10.0; WOW64) AppleWebKit/537.36 (KHTML, like Gecko) Chrome/45.0.2454.101 Safari/537.36" "-" 0.000 -
125.70.0.210 - - [13/Jun/2017:14:02:32 +0800] "GET /assets/img/rzy/production/subnav_bg_act.png HTTP/1.1" 200 2547 "https://www.rizhiyi.com/assets/css/site.css?2" "Mozilla/5.0 (Windows NT 6.1; WOW64; rv:53.0) Gecko/20100101 Firefox/53.0" "-" 0.000 -
27.211.239.0 - - [13/Jun/2017:14:02:32 +0800] "GET /assets/img/rzy/small-icons.png HTTP/1.1" 200 72322 "https://www.rizhiyi.com/assets/css/site.css?2" "Mozilla/5.0 (Windows NT 10.0; WOW64) AppleWebKit/537.36 (KHTML, like Gecko) Chrome/45.0.2454.101 Safari/537.36" "-" 0.023 -
27.211.239.0 - - [13/Jun/2017:14:02:32 +0800] "GET /assets/img/rzy/homepage/banner1.jpg HTTP/1.1" 200 144890 "https://www.rizhiyi.com/" "Mozilla/5.0 (Windows NT 10.0; WOW64) AppleWebKit/537.36 (KHTML, like Gecko) Chrome/45.0.2454.101 Safari/537.36" "-" 0.124 -
27.211.239.0 - - [13/Jun/2017:14:02:32 +0800] "GET /assets/img/rzy/homepage/highlight2.png HTTP/1.1" 200 38037 "https://www.rizhiyi.com/assets/css/site.css?2" "Mozilla/5.0 (Windows NT 10.0; WOW64) AppleWebKit/537.36 (KHTML, like Gecko) Chrome/45.0.2454.101 Safari/537.36" "-" 0.000 -
27.211.239.0 - - [13/Jun/2017:14:02:32 +0800] "GET /assets/img/rzy/homepage/banner3.jpg HTTP/1.1" 200 264078 "https://www.rizhiyi.com/assets/css/site.css?2" "Mozilla/5.0 (Windows NT 10.0; WOW64) AppleWebKit/537.36 (KHTML, like Gecko) Chrome/45.0.2454.101 Safari/537.36" "-" 0.386 -
125.70.0.210 - - [13/Jun/2017:14:02:32 +0800] "GET /assets/img/rzy/product/0905.png HTTP/1.1" 200 545777 "https://www.rizhiyi.com/assets/css/site.css?2" "Mozilla/5.0 (Windows NT 6.1; WOW64; rv:53.0) Gecko/20100101 Firefox/53.0" "-" 0.509 -
27.211.239.0 - - [13/Jun/2017:14:02:32 +0800] "GET /assets/img/rzy/homepage/highlight.png HTTP/1.1" 200 106736 "https://www.rizhiyi.com/assets/css/site.css?2" "Mozilla/5.0 (Windows NT 10.0; WOW64) AppleWebKit/537.36 (KHTML, like Gecko) Chrome/45.0.2454.101 Safari/537.36" "-" 0.417 -
27.211.239.0 - - [13/Jun/2017:14:02:33 +0800] "GET /assets/img/rzy/homepage/banner2.jpg HTTP/1.1" 200 536561 "https://www.rizhiyi.com/" "Mozilla/5.0 (Windows NT 10.0; WOW64) AppleWebKit/537.36 (KHTML, like Gecko) Chrome/45.0.2454.101 Safari/537.36" "-" 1.018 -
27.211.239.0 - - [13/Jun/2017:14:02:33 +0800] "GET /assets/img/rzy/customer-logos-1x.png HTTP/1.1" 200 262869 "https://www.rizhiyi.com/assets/css/site.css?2" "Mozilla/5.0 (Windows NT 10.0; WOW64) AppleWebKit/537.36 (KHTML, like Gecko) Chrome/45.0.2454.101 Safari/537.36" "-" 1.127 -
27.211.239.0 - - [13/Jun/2017:14:02:33 +0800] "GET /assets/img/rzy/homepage/desc-1x.png HTTP/1.1" 200 453196 "https://www.rizhiyi.com/assets/css/site.css?2" "Mozilla/5.0 (Windows NT 10.0; WOW64) AppleWebKit/537.36 (KHTML, like Gecko) Chrome/45.0.2454.101 Safari/537.36" "-" 1.597 -
27.211.239.0 - - [13/Jun/2017:14:02:34 +0800] "GET /favicon.ico HTTP/1.1" 200 3222 "https://www.rizhiyi.com/" "Mozilla/5.0 (Windows NT 10.0; WOW64) AppleWebKit/537.36 (KHTML, like Gecko) Chrome/45.0.2454.101 Safari/537.36" "-" 0.000 -
27.211.239.0 - - [13/Jun/2017:14:02:38 +0800] "GET /register/ HTTP/1.1" 200 3963 "https://www.rizhiyi.com/" "Mozilla/5.0 (Windows NT 10.0; WOW64) AppleWebKit/537.36 (KHTML, like Gecko) Chrome/45.0.2454.101 Safari/537.36" "-" 0.000 -
27.211.239.0 - - [13/Jun/2017:14:02:38 +0800] "GET /assets/js/register.js?2 HTTP/1.1" 200 4746 "https://www.rizhiyi.com/register/" "Mozilla/5.0 (Windows NT 10.0; WOW64) AppleWebKit/537.36 (KHTML, like Gecko) Chrome/45.0.2454.101 Safari/537.36" "-" 0.000 -
27.211.239.0 - - [13/Jun/2017:14:02:38 +0800] "GET /assets/img/rzy/loading.gif HTTP/1.1" 200 3477 "https://www.rizhiyi.com/register/" "Mozilla/5.0 (Windows NT 10.0; WOW64) AppleWebKit/537.36 (KHTML, like Gecko) Chrome/45.0.2454.101 Safari/537.36" "-" 0.000 -
27.211.239.0 - - [13/Jun/2017:14:02:38 +0800] "GET /assets/img/rzy/about/sq.png HTTP/1.1" 200 49915 "https://www.rizhiyi.com/register/" "Mozilla/5.0 (Windows NT 10.0; WOW64) AppleWebKit/537.36 (KHTML, like Gecko) Chrome/45.0.2454.101 Safari/537.36" "-" 0.000 -
27.211.239.0 - - [13/Jun/2017:14:02:43 +0800] "GET /products/price/ HTTP/1.1" 200 3804 "https://www.rizhiyi.com/register/" "Mozilla/5.0 (Windows NT 10.0; WOW64) AppleWebKit/537.36 (KHTML, like Gecko) Chrome/45.0.2454.101 Safari/537.36" "-" 0.000 -
27.211.239.0 - - [13/Jun/2017:14:02:43 +0800] "GET /assets/js/site.js HTTP/1.1" 200 796 "https://www.rizhiyi.com/products/price/" "Mozilla/5.0 (Windows NT 10.0; WOW64) AppleWebKit/537.36 (KHTML, like Gecko) Chrome/45.0.2454.101 Safari/537.36" "-" 0.000 -
27.211.239.0 - - [13/Jun/2017:14:02:43 +0800] "GET /assets/img/rzy/production/table-head.png HTTP/1.1" 200 678 "https://www.rizhiyi.com/assets/css/site.css?2" "Mozilla/5.0 (Windows NT 10.0; WOW64) AppleWebKit/537.36 (KHTML, like Gecko) Chrome/45.0.2454.101 Safari/537.36" "-" 0.000 -
27.211.239.0 - - [13/Jun/2017:14:02:43 +0800] "GET /assets/img/rzy/production/subnav_bg_act.png HTTP/1.1" 200 2547 "https://www.rizhiyi.com/assets/css/site.css?2" "Mozilla/5.0 (Windows NT 10.0; WOW64) AppleWebKit/537.36 (KHTML, like Gecko) Chrome/45.0.2454.101 Safari/537.36" "-" 0.000 -
27.211.239.0 - - [13/Jun/2017:14:02:43 +0800] "GET /assets/img/rzy/production/subnav_bg.png HTTP/1.1" 200 1736 "https://www.rizhiyi.com/assets/css/site.css?2" "Mozilla/5.0 (Windows NT 10.0; WOW64) AppleWebKit/537.36 (KHTML, like Gecko) Chrome/45.0.2454.101 Safari/537.36" "-" 0.000 -
117.136.67.173 - - [13/Jun/2017:14:02:55 +0800] "GET /assets/img/rzy/homepage/desc-2x.png HTTP/1.1" 200 1413955 "https://www.rizhiyi.com/" "Mozilla/5.0 (iPhone; CPU iPhone OS 10_3_2 like Mac OS X) AppleWebKit/603.2.4 (KHTML, like Gecko) Version/10.0 Mobile/14F89 Safari/602.1" "-" 66.858 -
125.70.0.210 - - [13/Jun/2017:14:02:58 +0800] "GET /assets/rizhiyi.mp4 HTTP/1.1" 206 81647 "https://www.rizhiyi.com/" "Mozilla/5.0 (Windows NT 6.1; WOW64; rv:53.0) Gecko/20100101 Firefox/53.0" "-" 0.123 -