106.75.53.61 - yottabyte [12/Jun/2017:13:54:09 +0800] "GET /report/getFrontendOverview HTTP/1.1" 200 96 "-" "python-requests/2.1.0 CPython/2.7.6 Linux/3.13.0-34-generic" "-" 0.012 0.012
61.135.169.82 - - [12/Jun/2017:13:54:09 +0800] "GET /license_manager/getFrontendOverview HTTP/1.1" 200 91 "https://license.rizhiyi.com/" "Mozilla/5.0 (Macintosh; Intel Mac OS X 10_10_0) AppleWebKit/537.36 (KHTML, like Gecko) Chrome/58.0.3029.110 Safari/537.36" "-" 1.265 1.265
61.135.169.82 - - [12/Jun/2017:13:54:10 +0800] "GET /local HTTP/1.1" 200 624 "https://license.rizhiyi.com/" "Mozilla/5.0 (Macintosh; Intel Mac OS X 10_10_0) AppleWebKit/537.36 (KHTML, like Gecko) Chrome/58.0.3029.110 Safari/537.36" "-" 0.003 0.003
61.135.169.82 - - [12/Jun/2017:13:54:10 +0800] "GET /static/css/local_report.css?v=1496375275700?v=1496372401978?v=1496371615686 HTTP/1.1" 200 522 "https://license.rizhiyi.com/local" "Mozilla/5.0 (Macintosh; Intel Mac OS X 10_10_0) AppleWebKit/537.36 (KHTML, like Gecko) Chrome/58.0.3029.110 Safari/537.36" "-" 0.002 0.002
61.135.169.82 - - [12/Jun/2017:13:54:10 +0800] "GET /static/build/license_local.js?v=1496375275700?v=1496372401978?v=1496371615686 HTTP/1.1" 304 0 "https://license.rizhiyi.com/local" "Mozilla/5.0 (Macintosh; Intel Mac OS X 10_10_0) AppleWebKit/537.36 (KHTML, like Gecko) Chrome/58.0.3029.110 Safari/537.36" "-" 0.002 0.002
58.248.27.7 - - [12/Jun/2017:13:54:11 +0800] "POST /report HTTP/1.1" 200 52 "http://rzy.efunds.com.cn/" "Mozilla/5.0 (Windows NT 10.0; Win64; x64) AppleWebKit/537.36 (KHTML, like Gecko) Chrome/58.0.3029.110 Safari/537.36" "-" 0.002 0.002
61.135.169.82 - - [12/Jun/2017:13:54:12 +0800] "GET /api/apply_licenses/ HTTP/1.1" 200 39 "https://license.rizhiyi.com/local" "Mozilla/5.0 (Macintosh; Intel Mac OS X 10_10_0) AppleWebKit/537.36 (KHTML, like Gecko) Chrome/58.0.3029.110 Safari/537.36" "-" 0.003 0.003
106.75.53.61 - yottabyte [12/Jun/2017:13:54:12 +0800] "GET /report/origin_licenses?start=0&size=20 HTTP/1.1" 200 773 "-" "python-requests/2.1.0 CPython/2.7.6 Linux/3.13.0-34-generic" "-" 0.011 0.011
61.135.169.82 - - [12/Jun/2017:13:54:12 +0800] "GET /license_search?start=0&size=20 HTTP/1.1" 200 3569 "https://license.rizhiyi.com/local" "Mozilla/5.0 (Macintosh; Intel Mac OS X 10_10_0) AppleWebKit/537.36 (KHTML, like Gecko) Chrome/58.0.3029.110 Safari/537.36" "-" 0.040 0.040
106.75.53.61 - yottabyte [12/Jun/2017:13:54:16 +0800] "GET /report/origin_licenses?start=0&company=%E7%94%98%E8%82%83&size=20 HTTP/1.1" 200 213 "-" "python-requests/2.1.0 CPython/2.7.6 Linux/3.13.0-34-generic" "-" 0.005 0.005
61.135.169.82 - - [12/Jun/2017:13:54:16 +0800] "GET /license_search?start=0&size=20&company=%E7%94%98%E8%82%83 HTTP/1.1" 200 244 "https://license.rizhiyi.com/local" "Mozilla/5.0 (Macintosh; Intel Mac OS X 10_10_0) AppleWebKit/537.36 (KHTML, like Gecko) Chrome/58.0.3029.110 Safari/537.36" "-" 0.036 0.036
61.135.169.82 - - [12/Jun/2017:13:54:19 +0800] "GET /localgroup?company=%E7%94%98%E8%82%83%E9%93%B6%E8%A1%8C%E8%82%A1%E4%BB%BD%E6%9C%89%E9%99%90%E5%85%AC%E5%8F%B8&group=9886e3ca27d40a612082872d26f5ccde HTTP/1.1" 200 623 "https://license.rizhiyi.com/local" "Mozilla/5.0 (Macintosh; Intel Mac OS X 10_10_0) AppleWebKit/537.36 (KHTML, like Gecko) Chrome/58.0.3029.110 Safari/537.36" "-" 0.003 0.003
61.135.169.82 - - [12/Jun/2017:13:54:20 +0800] "GET /static/build/license_local_specific.js?v=1496375275700?v=1496372401978?v=1496371615686 HTTP/1.1" 304 0 "https://license.rizhiyi.com/localgroup?company=%E7%94%98%E8%82%83%E9%93%B6%E8%A1%8C%E8%82%A1%E4%BB%BD%E6%9C%89%E9%99%90%E5%85%AC%E5%8F%B8&group=9886e3ca27d40a612082872d26f5ccde" "Mozilla/5.0 (Macintosh; Intel Mac OS X 10_10_0) AppleWebKit/537.36 (KHTML, like Gecko) Chrome/58.0.3029.110 Safari/537.36" "-" 0.001 0.001
61.135.169.82 - - [12/Jun/2017:13:54:20 +0800] "GET /api/apply_licenses/ HTTP/1.1" 200 39 "https://license.rizhiyi.com/localgroup?company=%E7%94%98%E8%82%83%E9%93%B6%E8%A1%8C%E8%82%A1%E4%BB%BD%E6%9C%89%E9%99%90%E5%85%AC%E5%8F%B8&group=9886e3ca27d40a612082872d26f5ccde" "Mozilla/5.0 (Macintosh; Intel Mac OS X 10_10_0) AppleWebKit/537.36 (KHTML, like Gecko) Chrome/58.0.3029.110 Safari/537.36" "-" 0.002 0.002
106.75.53.61 - yottabyte [12/Jun/2017:13:54:20 +0800] "GET /report/origin_license?company=%E7%94%98%E8%82%83%E9%93%B6%E8%A1%8C%E8%82%A1%E4%BB%BD%E6%9C%89%E9%99%90%E5%85%AC%E5%8F%B8&group=9886e3ca27d40a612082872d26f5ccde HTTP/1.1" 200 583 "-" "python-requests/2.1.0 CPython/2.7.6 Linux/3.13.0-34-generic" "-" 0.003 0.003
61.135.169.82 - - [12/Jun/2017:13:54:20 +0800] "GET /license_search_specific?company=%E7%94%98%E8%82%83%E9%93%B6%E8%A1%8C%E8%82%A1%E4%BB%BD%E6%9C%89%E9%99%90%E5%85%AC%E5%8F%B8&group=9886e3ca27d40a612082872d26f5ccde HTTP/1.1" 200 1094 "https://license.rizhiyi.com/localgroup?company=%E7%94%98%E8%82%83%E9%93%B6%E8%A1%8C%E8%82%A1%E4%BB%BD%E6%9C%89%E9%99%90%E5%85%AC%E5%8F%B8&group=9886e3ca27d40a612082872d26f5ccde" "Mozilla/5.0 (Macintosh; Intel Mac OS X 10_10_0) AppleWebKit/537.36 (KHTML, like Gecko) Chrome/58.0.3029.110 Safari/537.36" "-" 0.031 0.031
59.37.8.65 - - [12/Jun/2017:13:54:20 +0800] "POST /report HTTP/1.1" 200 37 "-" "Apache-HttpClient/4.2.5 (java 1.5)" "-" 0.001 0.001
61.135.169.82 - - [12/Jun/2017:13:54:21 +0800] "GET /license_store/ HTTP/1.1" 200 134 "https://license.rizhiyi.com/localgroup?company=%E7%94%98%E8%82%83%E9%93%B6%E8%A1%8C%E8%82%A1%E4%BB%BD%E6%9C%89%E9%99%90%E5%85%AC%E5%8F%B8&group=9886e3ca27d40a612082872d26f5ccde" "Mozilla/5.0 (Macintosh; Intel Mac OS X 10_10_0) AppleWebKit/537.36 (KHTML, like Gecko) Chrome/58.0.3029.110 Safari/537.36" "-" 0.003 0.003
202.108.16.145 - - [12/Jun/2017:13:54:35 +0800] "POST /report HTTP/1.1" 200 37 "-" "Apache-HttpClient/4.2.5 (java 1.5)" "-" 0.001 0.001
113.140.11.123 - - [12/Jun/2017:13:55:16 +0800] "GET /products/howtowork/ HTTP/1.1" 200 3832 "-" "Mozilla/5.0 (Windows NT 10.0; WOW64; Trident/7.0; rv:11.0) like Gecko" "-" 0.000 -
113.140.11.123 - - [12/Jun/2017:13:55:16 +0800] "GET /assets/js/site.js HTTP/1.1" 200 796 "https://www.rizhiyi.com/products/howtowork/" "Mozilla/5.0 (Windows NT 10.0; WOW64; Trident/7.0; rv:11.0) like Gecko" "-" 0.000 -
113.140.11.123 - - [12/Jun/2017:13:55:17 +0800] "GET /assets/img/rzy/production/subnav_bg.png HTTP/1.1" 200 1736 "https://www.rizhiyi.com/products/howtowork/" "Mozilla/5.0 (Windows NT 10.0; WOW64; Trident/7.0; rv:11.0) like Gecko" "-" 0.000 -
113.140.11.123 - - [12/Jun/2017:13:55:17 +0800] "GET /assets/img/rzy/production/subnav_bg_act.png HTTP/1.1" 200 2547 "https://www.rizhiyi.com/products/howtowork/" "Mozilla/5.0 (Windows NT 10.0; WOW64; Trident/7.0; rv:11.0) like Gecko" "-" 0.000 -
113.140.11.123 - - [12/Jun/2017:13:55:17 +0800] "GET /assets/img/rzy/product/0905.png HTTP/1.1" 200 545769 "https://www.rizhiyi.com/products/howtowork/" "Mozilla/5.0 (Windows NT 10.0; WOW64; Trident/7.0; rv:11.0) like Gecko" "-" 0.262 -
139.217.1.130 - - [12/Jun/2017:13:55:25 +0800] "POST /report HTTP/1.1" 200 37 "-" "Apache-HttpClient/4.2.5 (java 1.5)" "-" 0.004 0.004
42.159.27.156 - - [12/Jun/2017:13:55:34 +0800] "POST /report HTTP/1.1" 200 37 "-" "Apache-HttpClient/4.2.5 (java 1.5)" "-" 0.001 0.001
59.34.148.30 - - [12/Jun/2017:13:55:43 +0800] "GET / HTTP/1.1" 302 154 "-" "Mozilla/5.0 (compatible; Baiduspider/2.0; +http://www.baidu.com/search/spider.html)" "-" 0.044 -
59.34.148.30 - - [12/Jun/2017:13:55:45 +0800] "GET / HTTP/1.1" 200 6474 "-" "Mozilla/5.0 (compatible; Baiduspider/2.0; +http://www.baidu.com/search/spider.html)" "-" 0.000 -
59.34.148.30 - - [12/Jun/2017:13:55:47 +0800] "GET / HTTP/1.1" 302 154 "-" "Mozilla/5.0 (compatible; MSIE 9.0; Windows NT 6.1; WOW64; Trident/5.0)" "-" 0.045 -
113.140.11.123 - - [12/Jun/2017:13:55:47 +0800] "GET /products/ HTTP/1.1" 200 8157 "https://www.rizhiyi.com/products/howtowork/" "Mozilla/5.0 (Windows NT 10.0; WOW64; Trident/7.0; rv:11.0) like Gecko" "-" 0.000 -
59.46.98.162 - - [12/Jun/2017:13:55:47 +0800] "POST /report HTTP/1.1" 200 37 "-" "Apache-HttpClient/4.2.5 (java 1.5)" "-" 0.001 0.001
113.140.11.123 - - [12/Jun/2017:13:55:47 +0800] "GET /assets/img/rzy/product/advan-icons.png HTTP/1.1" 200 186133 "https://www.rizhiyi.com/products/" "Mozilla/5.0 (Windows NT 10.0; WOW64; Trident/7.0; rv:11.0) like Gecko" "-" 0.338 -
219.139.81.172 - - [12/Jun/2017:13:55:48 +0800] "GET / HTTP/1.1" 302 154 "-" "Mozilla/5.0 (compatible; Baiduspider/2.0; +http://www.baidu.com/search/spider.html)" "-" 0.030 -