    go version devel +b86ee06ef235 Mon Aug 18 16:52:31 2014 +0400 linux/amd64
    Run the following program with GODEBUG=gctrace=1
    package main
    import "time"
    func main() {
        for {
            time.Sleep(time.Second)
        }
    }
    gc1(1): 3+1+139+0 us, 0 -> 0 MB, 13 (13-0) objects, 0/0/0 sweeps, 0(0) handoff, 0(0)
    steal, 0/0/0 yields
    scvg0: inuse: 17592186044400, idle: 15, sys: 1, released: 0, consumed: 1 (MB)
    gc2(1): 3+1+178+0 us, 0 -> 0 MB, 41 (41-0) objects, 11/0/0 sweeps, 0(0) handoff, 0(0)
    steal, 0/0/0 yields
    scvg1: GC forced
    scvg1: inuse: 17592186044400, idle: 16, sys: 1, released: 0, consumed: 1 (MB)
    scvg2: inuse: 17592186044400, idle: 16, sys: 1, released: 0, consumed: 1 (MB)
    gc3(1): 2+0+135+0 us, 0 -> 0 MB, 33 (41-8) objects, 19/12/0 sweeps, 0(0) handoff,
    0(0) steal, 0/0/0 yields
    scvg3: GC forced
    scvg3: inuse: 17592186044400, idle: 16, sys: 1, released: 0, consumed: 1 (MB)
    scvg4: 0 MB released
    scvg4: inuse: 17592186044400, idle: 16, sys: 1, released: 0, consumed: 0 (MB)
    gc4(1): 2+0+135+0 us, 0 -> 0 MB, 33 (41-8) objects, 19/10/0 sweeps, 0(0) handoff,
    0(0) steal, 0/0/0 yields
    scvg5: GC forced
    scvg5: inuse: 17592186044400, idle: 16, sys: 1, released: 0, consumed: 0 (MB)
    scvg6: 0 MB released
    scvg6: inuse: 17592186044400, idle: 16, sys: 1, released: 0, consumed: 0 (MB)
    inuse heap numbers look wrong.